Archive member included to satisfy reference by file (symbol)

c:/program files (x86)/atmel/studio/7.0/toolchain/arm/arm-gnu-toolchain/bin/../lib/gcc/arm-none-eabi/6.3.1/thumb/v6-m\libgcc.a(_udivsi3.o)
                              src/ASF/common2/components/memory/sd_mmc/sd_mmc_spi.o (__aeabi_uidiv)
c:/program files (x86)/atmel/studio/7.0/toolchain/arm/arm-gnu-toolchain/bin/../lib/gcc/arm-none-eabi/6.3.1/thumb/v6-m\libgcc.a(_divsi3.o)
                              src/ASF/thirdparty/fatfs/fatfs-r0.09/src/ff.o (__aeabi_idiv)
c:/program files (x86)/atmel/studio/7.0/toolchain/arm/arm-gnu-toolchain/bin/../lib/gcc/arm-none-eabi/6.3.1/thumb/v6-m\libgcc.a(_dvmd_tls.o)
                              c:/program files (x86)/atmel/studio/7.0/toolchain/arm/arm-gnu-toolchain/bin/../lib/gcc/arm-none-eabi/6.3.1/thumb/v6-m\libgcc.a(_udivsi3.o) (__aeabi_idiv0)
c:/program files (x86)/atmel/studio/7.0/toolchain/arm/arm-gnu-toolchain/bin/../lib/gcc/arm-none-eabi/6.3.1/thumb/v6-m\libgcc.a(_muldi3.o)
                              src/ASF/sam0/drivers/sercom/sercom.o (__aeabi_lmul)
c:/program files (x86)/atmel/studio/7.0/toolchain/arm/arm-gnu-toolchain/bin/../lib/gcc/arm-none-eabi/6.3.1/../../../../arm-none-eabi/lib/thumb/v6-m\libc_nano.a(lib_a-exit.o)
                              c:/program files (x86)/atmel/studio/7.0/toolchain/arm/arm-gnu-toolchain/bin/../lib/gcc/arm-none-eabi/6.3.1/../../../../arm-none-eabi/lib/thumb/v6-m/crt0.o (exit)
c:/program files (x86)/atmel/studio/7.0/toolchain/arm/arm-gnu-toolchain/bin/../lib/gcc/arm-none-eabi/6.3.1/../../../../arm-none-eabi/lib/thumb/v6-m\libc_nano.a(lib_a-impure.o)
                              c:/program files (x86)/atmel/studio/7.0/toolchain/arm/arm-gnu-toolchain/bin/../lib/gcc/arm-none-eabi/6.3.1/../../../../arm-none-eabi/lib/thumb/v6-m\libc_nano.a(lib_a-exit.o) (_global_impure_ptr)
c:/program files (x86)/atmel/studio/7.0/toolchain/arm/arm-gnu-toolchain/bin/../lib/gcc/arm-none-eabi/6.3.1/../../../../arm-none-eabi/lib/thumb/v6-m\libc_nano.a(lib_a-init.o)
                              c:/program files (x86)/atmel/studio/7.0/toolchain/arm/arm-gnu-toolchain/bin/../lib/gcc/arm-none-eabi/6.3.1/../../../../arm-none-eabi/lib/thumb/v6-m/crt0.o (__libc_init_array)
c:/program files (x86)/atmel/studio/7.0/toolchain/arm/arm-gnu-toolchain/bin/../lib/gcc/arm-none-eabi/6.3.1/../../../../arm-none-eabi/lib/thumb/v6-m\libc_nano.a(lib_a-malloc.o)
                              src/SerialConsole/circular_buffer.o (malloc)
c:/program files (x86)/atmel/studio/7.0/toolchain/arm/arm-gnu-toolchain/bin/../lib/gcc/arm-none-eabi/6.3.1/../../../../arm-none-eabi/lib/thumb/v6-m\libc_nano.a(lib_a-memset.o)
                              c:/program files (x86)/atmel/studio/7.0/toolchain/arm/arm-gnu-toolchain/bin/../lib/gcc/arm-none-eabi/6.3.1/../../../../arm-none-eabi/lib/thumb/v6-m/crt0.o (memset)
c:/program files (x86)/atmel/studio/7.0/toolchain/arm/arm-gnu-toolchain/bin/../lib/gcc/arm-none-eabi/6.3.1/../../../../arm-none-eabi/lib/thumb/v6-m\libc_nano.a(lib_a-nano-freer.o)
                              c:/program files (x86)/atmel/studio/7.0/toolchain/arm/arm-gnu-toolchain/bin/../lib/gcc/arm-none-eabi/6.3.1/../../../../arm-none-eabi/lib/thumb/v6-m\libc_nano.a(lib_a-malloc.o) (_free_r)
c:/program files (x86)/atmel/studio/7.0/toolchain/arm/arm-gnu-toolchain/bin/../lib/gcc/arm-none-eabi/6.3.1/../../../../arm-none-eabi/lib/thumb/v6-m\libc_nano.a(lib_a-nano-mallocr.o)
                              c:/program files (x86)/atmel/studio/7.0/toolchain/arm/arm-gnu-toolchain/bin/../lib/gcc/arm-none-eabi/6.3.1/../../../../arm-none-eabi/lib/thumb/v6-m\libc_nano.a(lib_a-malloc.o) (_malloc_r)
c:/program files (x86)/atmel/studio/7.0/toolchain/arm/arm-gnu-toolchain/bin/../lib/gcc/arm-none-eabi/6.3.1/../../../../arm-none-eabi/lib/thumb/v6-m\libc_nano.a(lib_a-sbrkr.o)
                              c:/program files (x86)/atmel/studio/7.0/toolchain/arm/arm-gnu-toolchain/bin/../lib/gcc/arm-none-eabi/6.3.1/../../../../arm-none-eabi/lib/thumb/v6-m\libc_nano.a(lib_a-nano-mallocr.o) (_sbrk_r)
c:/program files (x86)/atmel/studio/7.0/toolchain/arm/arm-gnu-toolchain/bin/../lib/gcc/arm-none-eabi/6.3.1/../../../../arm-none-eabi/lib/thumb/v6-m\libc_nano.a(lib_a-strlen.o)
                              src/SerialConsole/SerialConsole.o (strlen)
c:/program files (x86)/atmel/studio/7.0/toolchain/arm/arm-gnu-toolchain/bin/../lib/gcc/arm-none-eabi/6.3.1/../../../../arm-none-eabi/lib/thumb/v6-m\libc_nano.a(lib_a-mlock.o)
                              c:/program files (x86)/atmel/studio/7.0/toolchain/arm/arm-gnu-toolchain/bin/../lib/gcc/arm-none-eabi/6.3.1/../../../../arm-none-eabi/lib/thumb/v6-m\libc_nano.a(lib_a-nano-freer.o) (__malloc_lock)
c:/program files (x86)/atmel/studio/7.0/toolchain/arm/arm-gnu-toolchain/bin/../lib/gcc/arm-none-eabi/6.3.1/../../../../arm-none-eabi/lib/thumb/v6-m\libc_nano.a(lib_a-reent.o)
[...]
Memory Configuration

Name             Origin             Length             Attributes
rom              0x00000000         0x00040000         xr
ram              0x20000000         0x00008000         xrw
*default*        0x00000000         0xffffffff

Linker script and memory map

LOAD c:/program files (x86)/atmel/studio/7.0/toolchain/arm/arm-gnu-toolchain/bin/../lib/gcc/arm-none-eabi/6.3.1/thumb/v6-m/crti.o
LOAD c:/program files (x86)/atmel/studio/7.0/toolchain/arm/arm-gnu-toolchain/bin/../lib/gcc/arm-none-eabi/6.3.1/thumb/v6-m/crtbegin.o
LOAD c:/program files (x86)/atmel/studio/7.0/toolchain/arm/arm-gnu-toolchain/bin/../lib/gcc/arm-none-eabi/6.3.1/../../../../arm-none-eabi/lib/thumb/v6-m/crt0.o
LOAD src/ASF/sam0/boards/board_init.o
LOAD src/SerialConsole/circular_buffer.o
LOAD src/SerialConsole/SerialConsole.o
LOAD src/ASF/common2/components/memory/sd_mmc/sd_mmc.o
LOAD src/ASF/common2/components/memory/sd_mmc/sd_mmc_mem.o
LOAD src/ASF/common2/components/memory/sd_mmc/sd_mmc_spi.o
LOAD src/ASF/common2/services/delay/sam0/cycle_counter.o
LOAD src/ASF/common/services/storage/ctrl_access/ctrl_access.o
LOAD src/ASF/common/utils/interrupt/interrupt_sam_nvic.o
LOAD src/ASF/sam0/drivers/port/port.o
LOAD src/ASF/sam0/drivers/rtc/rtc_sam_d_r_h/rtc_calendar.o
LOAD src/ASF/sam0/drivers/sercom/sercom.o
LOAD src/ASF/sam0/drivers/sercom/sercom_interrupt.o
LOAD src/ASF/sam0/drivers/sercom/spi/spi.o
LOAD src/ASF/sam0/drivers/sercom/spi/spi_interrupt.o
LOAD src/ASF/sam0/drivers/sercom/usart/usart.o
LOAD src/ASF/sam0/drivers/sercom/usart/usart_interrupt.o
LOAD src/ASF/sam0/drivers/system/clock/clock_samd21_r21_da_ha1/clock.o
LOAD src/ASF/sam0/drivers/system/clock/clock_samd21_r21_da_ha1/gclk.o
LOAD src/ASF/sam0/drivers/system/interrupt/system_interrupt.o
LOAD src/ASF/sam0/drivers/system/pinmux/pinmux.o
LOAD src/ASF/sam0/drivers/system/system.o
LOAD src/ASF/sam0/utils/cmsis/samd21/source/gcc/startup_samd21.o
LOAD src/ASF/sam0/utils/cmsis/samd21/source/system_samd21.o
LOAD src/ASF/sam0/utils/stdio/read.o
LOAD src/ASF/sam0/utils/stdio/write.o
LOAD src/ASF/sam0/utils/syscalls/gcc/syscalls.o
LOAD src/ASF/thirdparty/fatfs/fatfs-port-r0.09/diskio.o
LOAD src/ASF/thirdparty/fatfs/fatfs-port-r0.09/sam0/fattime_rtc.o
LOAD src/ASF/thirdparty/fatfs/fatfs-r0.09/src/ff.o
LOAD src/ASF/thirdparty/fatfs/fatfs-r0.09/src/option/ccsbcs.o
LOAD src/example.o
START GROUP
LOAD ../src/ASF/thirdparty/CMSIS/Lib/GCC\libarm_cortexM0l_math.a
LOAD c:/program files (x86)/atmel/studio/7.0/toolchain/arm/arm-gnu-toolchain/bin/../lib/gcc/arm-none-eabi/6.3.1/../../../../arm-none-eabi/lib/thumb/v6-m\libm.a
END GROUP
                0x00002000                __stack_size__ = 0x2000
Address of section .text set to 0xb000
START GROUP
LOAD c:/program files (x86)/atmel/studio/7.0/toolchain/arm/arm-gnu-toolchain/bin/../lib/gcc/arm-none-eabi/6.3.1/thumb/v6-m\libgcc.a
LOAD c:/program files (x86)/atmel/studio/7.0/toolchain/arm/arm-gnu-toolchain/bin/../lib/gcc/arm-none-eabi/6.3.1/../../../../arm-none-eabi/lib/thumb/v6-m\libc_nano.a
END GROUP
START GROUP
LOAD c:/program files (x86)/atmel/studio/7.0/toolchain/arm/arm-gnu-toolchain/bin/../lib/gcc/arm-none-eabi/6.3.1/thumb/v6-m\libgcc.a
LOAD c:/program files (x86)/atmel/studio/7.0/toolchain/arm/arm-gnu-toolchain/bin/../lib/gcc/arm-none-eabi/6.3.1/../../../../arm-none-eabi/lib/thumb/v6-m\libc_nano.a
END GROUP
LOAD c:/program files (x86)/atmel/studio/7.0/toolchain/arm/arm-gnu-toolchain/bin/../lib/gcc/arm-none-eabi/6.3.1/thumb/v6-m/crtend.o
LOAD c:/program files (x86)/atmel/studio/7.0/toolchain/arm/arm-gnu-toolchain/bin/../lib/gcc/arm-none-eabi/6.3.1/thumb/v6-m/crtn.o
                0x00002000                STACK_SIZE = DEFINED (STACK_SIZE)?STACK_SIZE:DEFINED (__stack_size__)?__stack_size__:0x2000

.text           0x0000b000     0x5b30
                0x0000b000                . = ALIGN (0x4)
                0x0000b000                _sfixed = .
 *(.vectors .vectors.*)
 .vectors       0x0000b000       0xb4 src/ASF/sam0/utils/cmsis/samd21/source/gcc/startup_samd21.o
                0x0000b000                exception_table
 *(.text .text.* .gnu.linkonce.t.*)
 .text          0x0000b0b4       0x60 c:/program files (x86)/atmel/studio/7.0/toolchain/arm/arm-gnu-toolchain/bin/../lib/gcc/arm-none-eabi/6.3.1/thumb/v6-m/crtbegin.o
 .text.system_board_init
                0x0000b114       0x38 src/ASF/sam0/boards/board_init.o
                0x0000b114                board_init
                0x0000b114                system_board_init
 .text.advance_pointer
                0x0000b14c       0x34 src/SerialConsole/circular_buffer.o
 .text.circular_buf_init
                0x0000b180       0x20 src/SerialConsole/circular_buffer.o
                0x0000b180                circular_buf_init
 .text.circular_buf_put
                0x0000b1a0       0x14 src/SerialConsole/circular_buffer.o
                0x0000b1a0                circular_buf_put
 .text.circular_buf_empty
                0x0000b1b4       0x18 src/SerialConsole/circular_buffer.o
                0x0000b1b4                circular_buf_empty
 .text.circular_buf_get
                0x0000b1cc       0x38 src/SerialConsole/circular_buffer.o
                0x0000b1cc                circular_buf_get
 .text.usart_write_callback
                0x0000b204       0x30 src/SerialConsole/SerialConsole.o
                0x0000b204                usart_write_callback
 .text.InitializeSerialConsole
                0x0000b234      0x128 src/SerialConsole/SerialConsole.o
                0x0000b234                InitializeSerialConsole
 .text.SerialConsoleWriteString
                0x0000b35c       0x74 src/SerialConsole/SerialConsole.o
                0x0000b35c                SerialConsoleWriteString
 .text.usart_read_callback
                0x0000b3d0       0x54 src/SerialConsole/SerialConsole.o
                0x0000b3d0                usart_read_callback
 .text.LogMessage
                0x0000b424        0x6 src/SerialConsole/SerialConsole.o
                0x0000b424                LogMessage
 *fill*         0x0000b42a        0x2 
 .text.sd_mmc_configure_slot
                0x0000b42c       0x28 src/ASF/common2/components/memory/sd_mmc/sd_mmc.o
 .text.sd_mmc_select_slot
                0x0000b454       0x5c src/ASF/common2/components/memory/sd_mmc/sd_mmc.o
 .text.sd_mmc_cmd13
                0x0000b4b0       0x38 src/ASF/common2/components/memory/sd_mmc/sd_mmc.o
 .text.sd_mmc_cmd9_spi
                0x0000b4e8       0x4c src/ASF/common2/components/memory/sd_mmc/sd_mmc.o
 .text.sd_mmc_deselect_slot
                0x0000b534       0x1c src/ASF/common2/components/memory/sd_mmc/sd_mmc.o
 .text.sd_mmc_init
                0x0000b550       0x20 src/ASF/common2/components/memory/sd_mmc/sd_mmc.o
                0x0000b550                sd_mmc_init
 .text.sd_mmc_check
                0x0000b570      0x4b0 src/ASF/common2/components/memory/sd_mmc/sd_mmc.o
                0x0000b570                sd_mmc_check
 .text.sd_mmc_get_type
                0x0000ba20       0x28 src/ASF/common2/components/memory/sd_mmc/sd_mmc.o
                0x0000ba20                sd_mmc_get_type
 .text.sd_mmc_get_capacity
                0x0000ba48       0x28 src/ASF/common2/components/memory/sd_mmc/sd_mmc.o
                0x0000ba48                sd_mmc_get_capacity
 .text.sd_mmc_is_write_protected
                0x0000ba70        0x4 src/ASF/common2/components/memory/sd_mmc/sd_mmc.o
                0x0000ba70                sd_mmc_is_write_protected
 .text.sd_mmc_init_read_blocks
                0x0000ba74       0x88 src/ASF/common2/components/memory/sd_mmc/sd_mmc.o
                0x0000ba74                sd_mmc_init_read_blocks
 .text.sd_mmc_start_read_blocks
                0x0000bafc       0x2c src/ASF/common2/components/memory/sd_mmc/sd_mmc.o
                0x0000bafc                sd_mmc_start_read_blocks
 .text.sd_mmc_wait_end_of_read_blocks
                0x0000bb28       0x70 src/ASF/common2/components/memory/sd_mmc/sd_mmc.o
                0x0000bb28                sd_mmc_wait_end_of_read_blocks
 .text.sd_mmc_init_write_blocks
                0x0000bb98       0x70 src/ASF/common2/components/memory/sd_mmc/sd_mmc.o
                0x0000bb98                sd_mmc_init_write_blocks
 .text.sd_mmc_start_write_blocks
                0x0000bc08       0x2c src/ASF/common2/components/memory/sd_mmc/sd_mmc.o
                0x0000bc08                sd_mmc_start_write_blocks
 .text.sd_mmc_wait_end_of_write_blocks
                0x0000bc34       0x50 src/ASF/common2/components/memory/sd_mmc/sd_mmc.o
                0x0000bc34                sd_mmc_wait_end_of_write_blocks
 .text.sd_mmc_test_unit_ready
                0x0000bc84       0x50 src/ASF/common2/components/memory/sd_mmc/sd_mmc_mem.o
                0x0000bc84                sd_mmc_test_unit_ready
 .text.sd_mmc_test_unit_ready_0
                0x0000bcd4       0x10 src/ASF/common2/components/memory/sd_mmc/sd_mmc_mem.o
                0x0000bcd4                sd_mmc_test_unit_ready_0
 .text.sd_mmc_read_capacity
                0x0000bce4       0x20 src/ASF/common2/components/memory/sd_mmc/sd_mmc_mem.o
                0x0000bce4                sd_mmc_read_capacity
 .text.sd_mmc_read_capacity_0
                0x0000bd04       0x10 src/ASF/common2/components/memory/sd_mmc/sd_mmc_mem.o
                0x0000bd04                sd_mmc_read_capacity_0
 .text.sd_mmc_wr_protect_0
                0x0000bd14       0x10 src/ASF/common2/components/memory/sd_mmc/sd_mmc_mem.o
                0x0000bd14                sd_mmc_wr_protect_0
 .text.sd_mmc_mem_2_ram
                0x0000bd24       0x44 src/ASF/common2/components/memory/sd_mmc/sd_mmc_mem.o
                0x0000bd24                sd_mmc_mem_2_ram
 .text.sd_mmc_mem_2_ram_0
                0x0000bd68       0x14 src/ASF/common2/components/memory/sd_mmc/sd_mmc_mem.o
                0x0000bd68                sd_mmc_mem_2_ram_0
 .text.sd_mmc_ram_2_mem
                0x0000bd7c       0x44 src/ASF/common2/components/memory/sd_mmc/sd_mmc_mem.o
                0x0000bd7c                sd_mmc_ram_2_mem
 .text.sd_mmc_ram_2_mem_0
                0x0000bdc0       0x14 src/ASF/common2/components/memory/sd_mmc/sd_mmc_mem.o
                0x0000bdc0                sd_mmc_ram_2_mem_0
 .text.sd_mmc_spi_start_write_block
                0x0000bdd4       0x48 src/ASF/common2/components/memory/sd_mmc/sd_mmc_spi.o
 .text.sd_mmc_spi_wait_busy
                0x0000be1c       0x64 src/ASF/common2/components/memory/sd_mmc/sd_mmc_spi.o
 .text.sd_mmc_spi_stop_multiwrite_block
                0x0000be80       0x78 src/ASF/common2/components/memory/sd_mmc/sd_mmc_spi.o
 .text.sd_mmc_spi_start_read_block
                0x0000bef8       0x6c src/ASF/common2/components/memory/sd_mmc/sd_mmc_spi.o
 .text.sd_mmc_spi_stop_write_block
                0x0000bf64       0x70 src/ASF/common2/components/memory/sd_mmc/sd_mmc_spi.o
 .text.sd_mmc_spi_init
                0x0000bfd4      0x100 src/ASF/common2/components/memory/sd_mmc/sd_mmc_spi.o
                0x0000bfd4                sd_mmc_spi_init
 .text.sd_mmc_spi_select_device
                0x0000c0d4       0x54 src/ASF/common2/components/memory/sd_mmc/sd_mmc_spi.o
                0x0000c0d4                sd_mmc_spi_select_device
 .text.sd_mmc_spi_deselect_device
                0x0000c128       0x28 src/ASF/common2/components/memory/sd_mmc/sd_mmc_spi.o
                0x0000c128                sd_mmc_spi_deselect_device
 .text.sd_mmc_spi_send_clock
                0x0000c150       0x38 src/ASF/common2/components/memory/sd_mmc/sd_mmc_spi.o
                0x0000c150                sd_mmc_spi_send_clock
 .text.sd_mmc_spi_adtc_start
                0x0000c188      0x190 src/ASF/common2/components/memory/sd_mmc/sd_mmc_spi.o
                0x0000c188                sd_mmc_spi_adtc_start
 .text.sd_mmc_spi_send_cmd
                0x0000c318       0x18 src/ASF/common2/components/memory/sd_mmc/sd_mmc_spi.o
                0x0000c318                sd_mmc_spi_send_cmd
 .text.sd_mmc_spi_get_response
                0x0000c330        0xc src/ASF/common2/components/memory/sd_mmc/sd_mmc_spi.o
                0x0000c330                sd_mmc_spi_get_response
 .text.sd_mmc_spi_read_word
                0x0000c33c       0x78 src/ASF/common2/components/memory/sd_mmc/sd_mmc_spi.o
                0x0000c33c                sd_mmc_spi_read_word
 .text.sd_mmc_spi_start_read_blocks
                0x0000c3b4       0x8c src/ASF/common2/components/memory/sd_mmc/sd_mmc_spi.o
                0x0000c3b4                sd_mmc_spi_start_read_blocks
 .text.sd_mmc_spi_wait_end_of_read_blocks
                0x0000c440        0x4 src/ASF/common2/components/memory/sd_mmc/sd_mmc_spi.o
                0x0000c440                sd_mmc_spi_wait_end_of_read_blocks
 .text.sd_mmc_spi_start_write_blocks
                0x0000c444       0x80 src/ASF/common2/components/memory/sd_mmc/sd_mmc_spi.o
                0x0000c444                sd_mmc_spi_start_write_blocks
 .text.sd_mmc_spi_wait_end_of_write_blocks
                0x0000c4c4       0x24 src/ASF/common2/components/memory/sd_mmc/sd_mmc_spi.o
                0x0000c4c4                sd_mmc_spi_wait_end_of_write_blocks
 .text.delay_init
                0x0000c4e8        0x2 src/ASF/common2/services/delay/sam0/cycle_counter.o
                0x0000c4e8                delay_init
 *fill*         0x0000c4ea        0x2 
 .text.mem_test_unit_ready
                0x0000c4ec       0x18 src/ASF/common/services/storage/ctrl_access/ctrl_access.o
                0x0000c4ec                mem_test_unit_ready
 .text.mem_read_capacity
                0x0000c504       0x1c src/ASF/common/services/storage/ctrl_access/ctrl_access.o
                0x0000c504                mem_read_capacity
 .text.mem_sector_size
                0x0000c520        0x8 src/ASF/common/services/storage/ctrl_access/ctrl_access.o
                0x0000c520                mem_sector_size
 .text.mem_wr_protect
                0x0000c528       0x18 src/ASF/common/services/storage/ctrl_access/ctrl_access.o
                0x0000c528                mem_wr_protect
 .text.memory_2_ram
                0x0000c540       0x20 src/ASF/common/services/storage/ctrl_access/ctrl_access.o
                0x0000c540                memory_2_ram
 .text.ram_2_memory
                0x0000c560       0x20 src/ASF/common/services/storage/ctrl_access/ctrl_access.o
                0x0000c560                ram_2_memory
 .text.cpu_irq_enter_critical
                0x0000c580       0x40 src/ASF/common/utils/interrupt/interrupt_sam_nvic.o
                0x0000c580                cpu_irq_enter_critical
 .text.cpu_irq_leave_critical
                0x0000c5c0       0x30 src/ASF/common/utils/interrupt/interrupt_sam_nvic.o
                0x0000c5c0                cpu_irq_leave_critical
 .text.port_pin_set_config
                0x0000c5f0       0x24 src/ASF/sam0/drivers/port/port.o
                0x0000c5f0                port_pin_set_config
 .text.rtc_calendar_enable
                0x0000c614       0x14 src/ASF/sam0/drivers/rtc/rtc_sam_d_r_h/rtc_calendar.o
                0x0000c614                rtc_calendar_enable
 .text.rtc_calendar_disable
                0x0000c628       0x1a src/ASF/sam0/drivers/rtc/rtc_sam_d_r_h/rtc_calendar.o
                0x0000c628                rtc_calendar_disable
 *fill*         0x0000c642        0x2 
 .text.rtc_calendar_reset
                0x0000c644       0x24 src/ASF/sam0/drivers/rtc/rtc_sam_d_r_h/rtc_calendar.o
                0x0000c644                rtc_calendar_reset
 .text.rtc_calendar_time_to_register_value
                0x0000c668       0x3a src/ASF/sam0/drivers/rtc/rtc_sam_d_r_h/rtc_calendar.o
                0x0000c668                rtc_calendar_time_to_register_value
 .text.rtc_calendar_register_value_to_time
                0x0000c6a2       0x3e src/ASF/sam0/drivers/rtc/rtc_sam_d_r_h/rtc_calendar.o
                0x0000c6a2                rtc_calendar_register_value_to_time
 .text.rtc_calendar_get_time
                0x0000c6e0       0x48 src/ASF/sam0/drivers/rtc/rtc_sam_d_r_h/rtc_calendar.o
                0x0000c6e0                rtc_calendar_get_time
 .text.rtc_calendar_set_alarm
                0x0000c728       0x30 src/ASF/sam0/drivers/rtc/rtc_sam_d_r_h/rtc_calendar.o
                0x0000c728                rtc_calendar_set_alarm
 .text.rtc_calendar_init
                0x0000c758       0x94 src/ASF/sam0/drivers/rtc/rtc_sam_d_r_h/rtc_calendar.o
                0x0000c758                rtc_calendar_init
 .text.long_division
                0x0000c7ec       0xba src/ASF/sam0/drivers/sercom/sercom.o
 .text._sercom_get_sync_baud_val
                0x0000c8a6       0x28 src/ASF/sam0/drivers/sercom/sercom.o
                0x0000c8a6                _sercom_get_sync_baud_val
 *fill*         0x0000c8ce        0x2 
 .text._sercom_get_async_baud_val
                0x0000c8d0       0x94 src/ASF/sam0/drivers/sercom/sercom.o
                0x0000c8d0                _sercom_get_async_baud_val
 .text.sercom_set_gclk_generator
                0x0000c964       0x4c src/ASF/sam0/drivers/sercom/sercom.o
                0x0000c964                sercom_set_gclk_generator
 .text._sercom_get_default_pad
                0x0000c9b0      0x178 src/ASF/sam0/drivers/sercom/sercom.o
                0x0000c9b0                _sercom_get_default_pad
 .text._sercom_get_sercom_inst_index
                0x0000cb28       0x38 src/ASF/sam0/drivers/sercom/sercom.o
                0x0000cb28                _sercom_get_sercom_inst_index
 .text._sercom_default_handler
                0x0000cb60        0x2 src/ASF/sam0/drivers/sercom/sercom_interrupt.o
 *fill*         0x0000cb62        0x2 
 .text._sercom_set_handler
                0x0000cb64       0x3c src/ASF/sam0/drivers/sercom/sercom_interrupt.o
                0x0000cb64                _sercom_set_handler
 .text._sercom_get_interrupt_vector
                0x0000cba0       0x30 src/ASF/sam0/drivers/sercom/sercom_interrupt.o
                0x0000cba0                _sercom_get_interrupt_vector
 .text.SERCOM0_Handler
                0x0000cbd0       0x10 src/ASF/sam0/drivers/sercom/sercom_interrupt.o
                0x0000cbd0                SERCOM0_Handler
 .text.SERCOM1_Handler
                0x0000cbe0       0x10 src/ASF/sam0/drivers/sercom/sercom_interrupt.o
                0x0000cbe0                SERCOM1_Handler
 .text.SERCOM2_Handler
                0x0000cbf0       0x10 src/ASF/sam0/drivers/sercom/sercom_interrupt.o
                0x0000cbf0                SERCOM2_Handler
 .text.SERCOM3_Handler
                0x0000cc00       0x10 src/ASF/sam0/drivers/sercom/sercom_interrupt.o
                0x0000cc00                SERCOM3_Handler
 .text.SERCOM4_Handler
                0x0000cc10       0x10 src/ASF/sam0/drivers/sercom/sercom_interrupt.o
                0x0000cc10                SERCOM4_Handler
 .text.SERCOM5_Handler
                0x0000cc20       0x10 src/ASF/sam0/drivers/sercom/sercom_interrupt.o
                0x0000cc20                SERCOM5_Handler
 .text.spi_set_baudrate
                0x0000cc30       0xb8 src/ASF/sam0/drivers/sercom/spi/spi.o
                0x0000cc30                spi_set_baudrate
 .text.spi_init
                0x0000cce8      0x1d8 src/ASF/sam0/drivers/sercom/spi/spi.o
                0x0000cce8                spi_init
 .text.spi_read_buffer_wait
                0x0000cec0       0xd4 src/ASF/sam0/drivers/sercom/spi/spi.o
                0x0000cec0                spi_read_buffer_wait
 .text.spi_select_slave
                0x0000cf94       0xf4 src/ASF/sam0/drivers/sercom/spi/spi.o
                0x0000cf94                spi_select_slave
 .text.spi_write_buffer_wait
                0x0000d088       0xcc src/ASF/sam0/drivers/sercom/spi/spi.o
                0x0000d088                spi_write_buffer_wait
 .text._spi_interrupt_handler
                0x0000d154      0x1d0 src/ASF/sam0/drivers/sercom/spi/spi_interrupt.o
                0x0000d154                _spi_interrupt_handler
 .text.usart_init
                0x0000d324      0x344 src/ASF/sam0/drivers/sercom/usart/usart.o
                0x0000d324                usart_init
 .text._usart_write_buffer
                0x0000d668       0x3c src/ASF/sam0/drivers/sercom/usart/usart_interrupt.o
                0x0000d668                _usart_write_buffer
 .text._usart_read_buffer
                0x0000d6a4       0x50 src/ASF/sam0/drivers/sercom/usart/usart_interrupt.o
                0x0000d6a4                _usart_read_buffer
 .text.usart_register_callback
                0x0000d6f4       0x18 src/ASF/sam0/drivers/sercom/usart/usart_interrupt.o
                0x0000d6f4                usart_register_callback
 .text.usart_write_buffer_job
                0x0000d70c       0x20 src/ASF/sam0/drivers/sercom/usart/usart_interrupt.o
                0x0000d70c                usart_write_buffer_job
 .text.usart_read_buffer_job
                0x0000d72c       0x20 src/ASF/sam0/drivers/sercom/usart/usart_interrupt.o
                0x0000d72c                usart_read_buffer_job
 .text.usart_get_job_status
                0x0000d74c       0x1c src/ASF/sam0/drivers/sercom/usart/usart_interrupt.o
                0x0000d74c                usart_get_job_status
 .text._usart_interrupt_handler
                0x0000d768      0x194 src/ASF/sam0/drivers/sercom/usart/usart_interrupt.o
                0x0000d768                _usart_interrupt_handler
 .text.system_clock_source_get_hz
                0x0000d8fc       0x94 src/ASF/sam0/drivers/system/clock/clock_samd21_r21_da_ha1/clock.o
                0x0000d8fc                system_clock_source_get_hz
 .text.system_clock_source_osc8m_set_config
                0x0000d990       0x3c src/ASF/sam0/drivers/system/clock/clock_samd21_r21_da_ha1/clock.o
                0x0000d990                system_clock_source_osc8m_set_config
 .text.system_clock_source_xosc32k_set_config
                0x0000d9cc       0xb8 src/ASF/sam0/drivers/system/clock/clock_samd21_r21_da_ha1/clock.o
                0x0000d9cc                system_clock_source_xosc32k_set_config
 .text.system_clock_source_dfll_set_config
                0x0000da84       0x80 src/ASF/sam0/drivers/system/clock/clock_samd21_r21_da_ha1/clock.o
                0x0000da84                system_clock_source_dfll_set_config
 .text.system_clock_source_enable
                0x0000db04       0xa8 src/ASF/sam0/drivers/system/clock/clock_samd21_r21_da_ha1/clock.o
                0x0000db04                system_clock_source_enable
 .text.system_clock_init
                0x0000dbac      0x154 src/ASF/sam0/drivers/system/clock/clock_samd21_r21_da_ha1/clock.o
                0x0000dbac                system_clock_init
 .text.system_gclk_init
                0x0000dd00       0x24 src/ASF/sam0/drivers/system/clock/clock_samd21_r21_da_ha1/gclk.o
                0x0000dd00                system_gclk_init
 .text.system_gclk_gen_set_config
                0x0000dd24       0xb8 src/ASF/sam0/drivers/system/clock/clock_samd21_r21_da_ha1/gclk.o
                0x0000dd24                system_gclk_gen_set_config
 .text.system_gclk_gen_enable
                0x0000dddc       0x44 src/ASF/sam0/drivers/system/clock/clock_samd21_r21_da_ha1/gclk.o
                0x0000dddc                system_gclk_gen_enable
 .text.system_gclk_gen_get_hz
                0x0000de20       0x8c src/ASF/sam0/drivers/system/clock/clock_samd21_r21_da_ha1/gclk.o
                0x0000de20                system_gclk_gen_get_hz
 .text.system_gclk_chan_enable
                0x0000deac       0x30 src/ASF/sam0/drivers/system/clock/clock_samd21_r21_da_ha1/gclk.o
                0x0000deac                system_gclk_chan_enable
 .text.system_gclk_chan_disable
                0x0000dedc       0x5c src/ASF/sam0/drivers/system/clock/clock_samd21_r21_da_ha1/gclk.o
                0x0000dedc                system_gclk_chan_disable
 .text.system_gclk_chan_set_config
                0x0000df38       0x1c src/ASF/sam0/drivers/system/clock/clock_samd21_r21_da_ha1/gclk.o
                0x0000df38                system_gclk_chan_set_config
 .text.system_gclk_chan_get_hz
                0x0000df54       0x34 src/ASF/sam0/drivers/system/clock/clock_samd21_r21_da_ha1/gclk.o
                0x0000df54                system_gclk_chan_get_hz
 .text._system_pinmux_config
                0x0000df88       0xa8 src/ASF/sam0/drivers/system/pinmux/pinmux.o
 .text.system_pinmux_pin_set_config
                0x0000e030       0x30 src/ASF/sam0/drivers/system/pinmux/pinmux.o
                0x0000e030                system_pinmux_pin_set_config
 .text._system_dummy_init
                0x0000e060        0x2 src/ASF/sam0/drivers/system/system.o
                0x0000e060                _system_extint_init
                0x0000e060                _system_events_init
                0x0000e060                _system_dummy_init
                0x0000e060                _system_divas_init
 *fill*         0x0000e062        0x2 
 .text.system_init
                0x0000e064       0x2c src/ASF/sam0/drivers/system/system.o
                0x0000e064                system_init
 .text.Dummy_Handler
                0x0000e090        0x2 src/ASF/sam0/utils/cmsis/samd21/source/gcc/startup_samd21.o
                0x0000e090                DMAC_Handler
                0x0000e090                HardFault_Handler
                0x0000e090                AC_Handler
                0x0000e090                SysTick_Handler
                0x0000e090                PendSV_Handler
                0x0000e090                NMI_Handler
                0x0000e090                ADC_Handler
                0x0000e090                TCC1_Handler
                0x0000e090                TCC0_Handler
                0x0000e090                RTC_Handler
                0x0000e090                EIC_Handler
                0x0000e090                WDT_Handler
                0x0000e090                TC4_Handler
                0x0000e090                USB_Handler
                0x0000e090                TC3_Handler
                0x0000e090                Dummy_Handler
                0x0000e090                PM_Handler
                0x0000e090                SVC_Handler
                0x0000e090                TCC2_Handler
                0x0000e090                EVSYS_Handler
                0x0000e090                I2S_Handler
                0x0000e090                NVMCTRL_Handler
                0x0000e090                DAC_Handler
                0x0000e090                PTC_Handler
                0x0000e090                TC5_Handler
                0x0000e090                SYSCTRL_Handler
 *fill*         0x0000e092        0x2 
 .text.Reset_Handler
                0x0000e094       0xe4 src/ASF/sam0/utils/cmsis/samd21/source/gcc/startup_samd21.o
                0x0000e094                Reset_Handler
 .text._sbrk    0x0000e178       0x24 src/ASF/sam0/utils/syscalls/gcc/syscalls.o
                0x0000e178                _sbrk
 .text.disk_initialize
                0x0000e19c       0x9c src/ASF/thirdparty/fatfs/fatfs-port-r0.09/diskio.o
                0x0000e19c                disk_initialize
 .text.disk_status
                0x0000e238       0x1c src/ASF/thirdparty/fatfs/fatfs-port-r0.09/diskio.o
                0x0000e238                disk_status
 .text.disk_read
                0x0000e254       0x84 src/ASF/thirdparty/fatfs/fatfs-port-r0.09/diskio.o
                0x0000e254                disk_read
 .text.disk_write
                0x0000e2d8       0x84 src/ASF/thirdparty/fatfs/fatfs-port-r0.09/diskio.o
                0x0000e2d8                disk_write
 .text.disk_ioctl
                0x0000e35c       0x6c src/ASF/thirdparty/fatfs/fatfs-port-r0.09/diskio.o
                0x0000e35c                disk_ioctl
 .text.get_fattime
                0x0000e3c8       0x50 src/ASF/thirdparty/fatfs/fatfs-port-r0.09/sam0/fattime_rtc.o
                0x0000e3c8                get_fattime
 .text.mem_cpy  0x0000e418       0x14 src/ASF/thirdparty/fatfs/fatfs-r0.09/src/ff.o
 .text.mem_set  0x0000e42c       0x12 src/ASF/thirdparty/fatfs/fatfs-r0.09/src/ff.o
 .text.clust2sect
                0x0000e43e       0x18 src/ASF/thirdparty/fatfs/fatfs-r0.09/src/ff.o
 .text.sum_sfn  0x0000e456       0x1c src/ASF/thirdparty/fatfs/fatfs-r0.09/src/ff.o
 *fill*         0x0000e472        0x2 
 .text.validate
                0x0000e474       0x30 src/ASF/thirdparty/fatfs/fatfs-r0.09/src/ff.o
 .text.check_fs
                0x0000e4a4       0xa4 src/ASF/thirdparty/fatfs/fatfs-r0.09/src/ff.o
 .text.chk_mounted
                0x0000e548      0x3b0 src/ASF/thirdparty/fatfs/fatfs-r0.09/src/ff.o
 .text.move_window
                0x0000e8f8       0xa0 src/ASF/thirdparty/fatfs/fatfs-r0.09/src/ff.o
 .text.get_fat  0x0000e998       0xfc src/ASF/thirdparty/fatfs/fatfs-r0.09/src/ff.o
 .text.dir_sdi  0x0000ea94       0xa8 src/ASF/thirdparty/fatfs/fatfs-r0.09/src/ff.o
 .text.put_fat  0x0000eb3c      0x138 src/ASF/thirdparty/fatfs/fatfs-r0.09/src/ff.o
 .text.create_chain
                0x0000ec74       0xc4 src/ASF/thirdparty/fatfs/fatfs-r0.09/src/ff.o
 .text.remove_chain
                0x0000ed38       0x78 src/ASF/thirdparty/fatfs/fatfs-r0.09/src/ff.o
 .text.dir_next
                0x0000edb0      0x124 src/ASF/thirdparty/fatfs/fatfs-r0.09/src/ff.o
 .text.dir_find
                0x0000eed4      0x198 src/ASF/thirdparty/fatfs/fatfs-r0.09/src/ff.o
 .text.dir_register
                0x0000f06c      0x2e4 src/ASF/thirdparty/fatfs/fatfs-r0.09/src/ff.o
 .text.sync     0x0000f350       0xf4 src/ASF/thirdparty/fatfs/fatfs-r0.09/src/ff.o
 .text.follow_path
                0x0000f444      0x344 src/ASF/thirdparty/fatfs/fatfs-r0.09/src/ff.o
 .text.f_mount  0x0000f788       0x30 src/ASF/thirdparty/fatfs/fatfs-r0.09/src/ff.o
                0x0000f788                f_mount
 .text.f_open   0x0000f7b8      0x188 src/ASF/thirdparty/fatfs/fatfs-r0.09/src/ff.o
                0x0000f7b8                f_open
 .text.f_write  0x0000f940      0x238 src/ASF/thirdparty/fatfs/fatfs-r0.09/src/ff.o
                0x0000f940                f_write
 .text.f_sync   0x0000fb78       0x8c src/ASF/thirdparty/fatfs/fatfs-r0.09/src/ff.o
                0x0000fb78                f_sync
 .text.f_close  0x0000fc04       0x18 src/ASF/thirdparty/fatfs/fatfs-r0.09/src/ff.o
                0x0000fc04                f_close
 .text.f_putc   0x0000fc1c       0x2c src/ASF/thirdparty/fatfs/fatfs-r0.09/src/ff.o
                0x0000fc1c                f_putc
 .text.f_puts   0x0000fc48       0x2c src/ASF/thirdparty/fatfs/fatfs-r0.09/src/ff.o
                0x0000fc48                f_puts
 .text.ff_convert
                0x0000fc74       0x48 src/ASF/thirdparty/fatfs/fatfs-r0.09/src/option/ccsbcs.o
                0x0000fc74                ff_convert
 .text.ff_wtoupper
                0x0000fcbc       0x3c src/ASF/thirdparty/fatfs/fatfs-r0.09/src/option/ccsbcs.o
                0x0000fcbc                ff_wtoupper
 .text.main     0x0000fcf8      0x184 src/example.o
                0x0000fcf8                main
 .text          0x0000fe7c      0x114 c:/program files (x86)/atmel/studio/7.0/toolchain/arm/arm-gnu-toolchain/bin/../lib/gcc/arm-none-eabi/6.3.1/thumb/v6-m\libgcc.a(_udivsi3.o)
                0x0000fe7c                __aeabi_uidiv
                0x0000fe7c                __udivsi3
                0x0000ff88                __aeabi_uidivmod
 .text          0x0000ff90      0x1d4 c:/program files (x86)/atmel/studio/7.0/toolchain/arm/arm-gnu-toolchain/bin/../lib/gcc/arm-none-eabi/6.3.1/thumb/v6-m\libgcc.a(_divsi3.o)
                0x0000ff90                __divsi3
                0x0000ff90                __aeabi_idiv
                0x0001015c                __aeabi_idivmod
 .text          0x00010164        0x4 c:/program files (x86)/atmel/studio/7.0/toolchain/arm/arm-gnu-toolchain/bin/../lib/gcc/arm-none-eabi/6.3.1/thumb/v6-m\libgcc.a(_dvmd_tls.o)
                0x00010164                __aeabi_idiv0
                0x00010164                __aeabi_ldiv0
 .text          0x00010168       0x54 c:/program files (x86)/atmel/studio/7.0/toolchain/arm/arm-gnu-toolchain/bin/../lib/gcc/arm-none-eabi/6.3.1/thumb/v6-m\libgcc.a(_muldi3.o)
                0x00010168                __muldi3
                0x00010168                __aeabi_lmul
 .text.__libc_init_array
                0x000101bc       0x48 c:/program files (x86)/atmel/studio/7.0/toolchain/arm/arm-gnu-toolchain/bin/../lib/gcc/arm-none-eabi/6.3.1/../../../../arm-none-eabi/lib/thumb/v6-m\libc_nano.a(lib_a-init.o)
                0x000101bc                __libc_init_array
 .text.malloc   0x00010204       0x14 c:/program files (x86)/atmel/studio/7.0/toolchain/arm/arm-gnu-toolchain/bin/../lib/gcc/arm-none-eabi/6.3.1/../../../../arm-none-eabi/lib/thumb/v6-m\libc_nano.a(lib_a-malloc.o)
                0x00010204                malloc
 .text.memset   0x00010218       0x10 c:/program files (x86)/atmel/studio/7.0/toolchain/arm/arm-gnu-toolchain/bin/../lib/gcc/arm-none-eabi/6.3.1/../../../../arm-none-eabi/lib/thumb/v6-m\libc_nano.a(lib_a-memset.o)
                0x00010218                memset
 .text._malloc_r
                0x00010228       0xbc c:/program files (x86)/atmel/studio/7.0/toolchain/arm/arm-gnu-toolchain/bin/../lib/gcc/arm-none-eabi/6.3.1/../../../../arm-none-eabi/lib/thumb/v6-m\libc_nano.a(lib_a-nano-mallocr.o)
                0x00010228                _malloc_r
 .text._sbrk_r  0x000102e4       0x24 c:/program files (x86)/atmel/studio/7.0/toolchain/arm/arm-gnu-toolchain/bin/../lib/gcc/arm-none-eabi/6.3.1/../../../../arm-none-eabi/lib/thumb/v6-m\libc_nano.a(lib_a-sbrkr.o)
                0x000102e4                _sbrk_r
 .text          0x00010308        0xe c:/program files (x86)/atmel/studio/7.0/toolchain/arm/arm-gnu-toolchain/bin/../lib/gcc/arm-none-eabi/6.3.1/../../../../arm-none-eabi/lib/thumb/v6-m\libc_nano.a(lib_a-strlen.o)
                0x00010308                strlen
 .text.__malloc_lock
                0x00010316        0x2 c:/program files (x86)/atmel/studio/7.0/toolchain/arm/arm-gnu-toolchain/bin/../lib/gcc/arm-none-eabi/6.3.1/../../../../arm-none-eabi/lib/thumb/v6-m\libc_nano.a(lib_a-mlock.o)
                0x00010316                __malloc_lock
 .text.__malloc_unlock
                0x00010318        0x2 c:/program files (x86)/atmel/studio/7.0/toolchain/arm/arm-gnu-toolchain/bin/../lib/gcc/arm-none-eabi/6.3.1/../../../../arm-none-eabi/lib/thumb/v6-m\libc_nano.a(lib_a-mlock.o)
                0x00010318                __malloc_unlock
 *(.glue_7t)
 .glue_7t       0x0001031a        0x0 linker stubs
 *(.glue_7)
 .glue_7        0x0001031a        0x0 linker stubs
 *(.rodata .rodata* .gnu.linkonce.r.*)
 *fill*         0x0001031a        0x2 
 .rodata.mmc_trans_multipliers
                0x0001031c       0x40 src/ASF/common2/components/memory/sd_mmc/sd_mmc.o
                0x0001031c                mmc_trans_multipliers
 .rodata.sd_mmc_trans_units
                0x0001035c       0x1c src/ASF/common2/components/memory/sd_mmc/sd_mmc.o
                0x0001035c                sd_mmc_trans_units
 .rodata.sd_trans_multipliers
                0x00010378       0x40 src/ASF/common2/components/memory/sd_mmc/sd_mmc.o
                0x00010378                sd_trans_multipliers
 .rodata        0x000103b8       0x18 src/ASF/sam0/drivers/sercom/sercom.o
 .rodata.system_clock_source_get_hz
                0x000103d0       0x24 src/ASF/sam0/drivers/system/clock/clock_samd21_r21_da_ha1/clock.o
 .rodata.system_clock_source_enable
                0x000103f4       0x24 src/ASF/sam0/drivers/system/clock/clock_samd21_r21_da_ha1/clock.o
 .rodata.LfnOfs
                0x00010418        0xd src/ASF/thirdparty/fatfs/fatfs-r0.09/src/ff.o
 *fill*         0x00010425        0x3 
 .rodata.excvt.4558
                0x00010428       0x80 src/ASF/thirdparty/fatfs/fatfs-r0.09/src/ff.o
 .rodata.follow_path.str1.4
                0x000104a8       0x13 src/ASF/thirdparty/fatfs/fatfs-r0.09/src/ff.o
 *fill*         0x000104bb        0x1 
 .rodata.Tbl    0x000104bc      0x100 src/ASF/thirdparty/fatfs/fatfs-r0.09/src/option/ccsbcs.o
 .rodata.tbl_lower.4308
                0x000105bc      0x1e0 src/ASF/thirdparty/fatfs/fatfs-r0.09/src/option/ccsbcs.o
 .rodata.tbl_upper.4309
                0x0001079c      0x1e0 src/ASF/thirdparty/fatfs/fatfs-r0.09/src/option/ccsbcs.o
 .rodata.main.str1.4
                0x0001097c      0x194 src/example.o
                                0x192 (size before relaxing)
 *(.ARM.extab* .gnu.linkonce.armextab.*)
                0x00010b10                . = ALIGN (0x4)
 *(.init)
 .init          0x00010b10        0x4 c:/program files (x86)/atmel/studio/7.0/toolchain/arm/arm-gnu-toolchain/bin/../lib/gcc/arm-none-eabi/6.3.1/thumb/v6-m/crti.o
                0x00010b10                _init
 .init          0x00010b14        0x8 c:/program files (x86)/atmel/studio/7.0/toolchain/arm/arm-gnu-toolchain/bin/../lib/gcc/arm-none-eabi/6.3.1/thumb/v6-m/crtn.o
                0x00010b1c                . = ALIGN (0x4)
                0x00010b1c                __preinit_array_start = .
 *(.preinit_array)
                0x00010b1c                __preinit_array_end = .
                0x00010b1c                . = ALIGN (0x4)
                0x00010b1c                __init_array_start = .
 *(SORT(.init_array.*))
 *(.init_array)
 .init_array    0x00010b1c        0x4 c:/program files (x86)/atmel/studio/7.0/toolchain/arm/arm-gnu-toolchain/bin/../lib/gcc/arm-none-eabi/6.3.1/thumb/v6-m/crtbegin.o
                0x00010b20                __init_array_end = .
                0x00010b20                . = ALIGN (0x4)
 *crtbegin.o(.ctors)
 *(EXCLUDE_FILE(*crtend.o) .ctors)
 *(SORT(.ctors.*))
 *crtend.o(.ctors)
                0x00010b20                . = ALIGN (0x4)
 *(.fini)
 .fini          0x00010b20        0x4 c:/program files (x86)/atmel/studio/7.0/toolchain/arm/arm-gnu-toolchain/bin/../lib/gcc/arm-none-eabi/6.3.1/thumb/v6-m/crti.o
                0x00010b20                _fini
 .fini          0x00010b24        0x8 c:/program files (x86)/atmel/studio/7.0/toolchain/arm/arm-gnu-toolchain/bin/../lib/gcc/arm-none-eabi/6.3.1/thumb/v6-m/crtn.o
                0x00010b2c                . = ALIGN (0x4)
                0x00010b2c                __fini_array_start = .
 *(.fini_array)
 .fini_array    0x00010b2c        0x4 c:/program files (x86)/atmel/studio/7.0/toolchain/arm/arm-gnu-toolchain/bin/../lib/gcc/arm-none-eabi/6.3.1/thumb/v6-m/crtbegin.o
 *(SORT(.fini_array.*))
                0x00010b30                __fini_array_end = .
 *crtbegin.o(.dtors)
 *(EXCLUDE_FILE(*crtend.o) .dtors)
 *(SORT(.dtors.*))
 *crtend.o(.dtors)
                0x00010b30                . = ALIGN (0x4)
                0x00010b30                _efixed = .
                [!provide]                PROVIDE (__exidx_start, .)

.vfp11_veneer   0x00010b30        0x0
 .vfp11_veneer  0x00010b30        0x0 linker stubs

.v4_bx          0x00010b30        0x0
 .v4_bx         0x00010b30        0x0 linker stubs

.iplt           0x00010b30        0x0
 .iplt          0x00010b30        0x0 c:/program files (x86)/atmel/studio/7.0/toolchain/arm/arm-gnu-toolchain/bin/../lib/gcc/arm-none-eabi/6.3.1/thumb/v6-m/crtbegin.o

.eh_frame       0x00010b30        0x0
 .eh_frame      0x00010b30        0x0 c:/program files (x86)/atmel/studio/7.0/toolchain/arm/arm-gnu-toolchain/bin/../lib/gcc/arm-none-eabi/6.3.1/thumb/v6-m/crtbegin.o

.rel.dyn        0x00010b30        0x0
 .rel.iplt      0x00010b30        0x0 c:/program files (x86)/atmel/studio/7.0/toolchain/arm/arm-gnu-toolchain/bin/../lib/gcc/arm-none-eabi/6.3.1/thumb/v6-m/crtbegin.o

.jcr            0x00010b30        0x0
 .jcr           0x00010b30        0x0 c:/program files (x86)/atmel/studio/7.0/toolchain/arm/arm-gnu-toolchain/bin/../lib/gcc/arm-none-eabi/6.3.1/thumb/v6-m/crtbegin.o

.igot.plt       0x00010b30        0x0
 .igot.plt      0x00010b30        0x0 c:/program files (x86)/atmel/studio/7.0/toolchain/arm/arm-gnu-toolchain/bin/../lib/gcc/arm-none-eabi/6.3.1/thumb/v6-m/crtbegin.o

.ARM.exidx
 *(.ARM.exidx* .gnu.linkonce.armexidx.*)
                [!provide]                PROVIDE (__exidx_end, .)
                0x00010b30                . = ALIGN (0x4)
                0x00010b30                _etext = .

.relocate       0x20000000       0x68 load address 0x00010b30
                0x20000000                . = ALIGN (0x4)
                0x20000000                _srelocate = .
 *(.ramfunc .ramfunc.*)
 *(.data .data.*)
 .data.ss_pins  0x20000000        0x1 src/ASF/common2/components/memory/sd_mmc/sd_mmc_spi.o
                0x20000000                ss_pins
 .data.g_interrupt_enabled
                0x20000001        0x1 src/ASF/common/utils/interrupt/interrupt_sam_nvic.o
                0x20000001                g_interrupt_enabled
 *fill*         0x20000002        0x2 
 .data._impure_ptr
                0x20000004        0x4 c:/program files (x86)/atmel/studio/7.0/toolchain/arm/arm-gnu-toolchain/bin/../lib/gcc/arm-none-eabi/6.3.1/../../../../arm-none-eabi/lib/thumb/v6-m\libc_nano.a(lib_a-impure.o)
                0x20000004                _impure_ptr
 .data.impure_data
                0x20000008       0x60 c:/program files (x86)/atmel/studio/7.0/toolchain/arm/arm-gnu-toolchain/bin/../lib/gcc/arm-none-eabi/6.3.1/../../../../arm-none-eabi/lib/thumb/v6-m\libc_nano.a(lib_a-impure.o)
                0x20000068                . = ALIGN (0x4)
                0x20000068                _erelocate = .

.bss            0x20000068      0x57c load address 0x00010b98
                0x20000068                . = ALIGN (0x4)
                0x20000068                _sbss = .
                0x20000068                _szero = .
 *(.bss .bss.*)
 .bss           0x20000068       0x1c c:/program files (x86)/atmel/studio/7.0/toolchain/arm/arm-gnu-toolchain/bin/../lib/gcc/arm-none-eabi/6.3.1/thumb/v6-m/crtbegin.o
 .bss.sd_mmc_card
                0x20000084        0x4 src/ASF/common2/components/memory/sd_mmc/sd_mmc.o
 .bss.sd_mmc_cards
                0x20000088       0x20 src/ASF/common2/components/memory/sd_mmc/sd_mmc.o
 .bss.sd_mmc_nb_block_remaining
                0x200000a8        0x2 src/ASF/common2/components/memory/sd_mmc/sd_mmc.o
 .bss.sd_mmc_nb_block_to_tranfer
                0x200000aa        0x2 src/ASF/common2/components/memory/sd_mmc/sd_mmc.o
 .bss.sd_mmc_slot_sel
                0x200000ac        0x1 src/ASF/common2/components/memory/sd_mmc/sd_mmc.o
 *fill*         0x200000ad        0x3 
 .bss.sd_mmc_ejected
                0x200000b0        0x2 src/ASF/common2/components/memory/sd_mmc/sd_mmc_mem.o
 *fill*         0x200000b2        0x2 
 .bss.sd_mmc_master
                0x200000b4       0x3c src/ASF/common2/components/memory/sd_mmc/sd_mmc_spi.o
 .bss.sd_mmc_spi_block_size
                0x200000f0        0x2 src/ASF/common2/components/memory/sd_mmc/sd_mmc_spi.o
 *fill*         0x200000f2        0x2 
 .bss.sd_mmc_spi_devices
                0x200000f4        0x3 src/ASF/common2/components/memory/sd_mmc/sd_mmc_spi.o
 .bss.sd_mmc_spi_err
                0x200000f7        0x1 src/ASF/common2/components/memory/sd_mmc/sd_mmc_spi.o
 .bss.sd_mmc_spi_nb_block
                0x200000f8        0x2 src/ASF/common2/components/memory/sd_mmc/sd_mmc_spi.o
 *fill*         0x200000fa        0x2 
 .bss.sd_mmc_spi_response_32
                0x200000fc        0x4 src/ASF/common2/components/memory/sd_mmc/sd_mmc_spi.o
 .bss.sd_mmc_spi_transfert_pos
                0x20000100        0x4 src/ASF/common2/components/memory/sd_mmc/sd_mmc_spi.o
 .bss.slave_configs
                0x20000104        0x3 src/ASF/common2/components/memory/sd_mmc/sd_mmc_spi.o
 *fill*         0x20000107        0x1 
 .bss.cpu_irq_critical_section_counter
                0x20000108        0x4 src/ASF/common/utils/interrupt/interrupt_sam_nvic.o
 .bss.cpu_irq_prev_interrupt_state
                0x2000010c        0x1 src/ASF/common/utils/interrupt/interrupt_sam_nvic.o
 *fill*         0x2000010d        0x3 
 .bss._sercom_config
                0x20000110        0x2 src/ASF/sam0/drivers/sercom/sercom.o
 .bss._handler_table_initialized
                0x20000112        0x1 src/ASF/sam0/drivers/sercom/sercom_interrupt.o
 *fill*         0x20000113        0x1 
 .bss._sercom_interrupt_handlers
                0x20000114       0x18 src/ASF/sam0/drivers/sercom/sercom_interrupt.o
 .bss._system_clock_inst
                0x2000012c       0x18 src/ASF/sam0/drivers/system/clock/clock_samd21_r21_da_ha1/clock.o
 .bss.heap.5296
                0x20000144        0x4 src/ASF/sam0/utils/syscalls/gcc/syscalls.o
 .bss.FatFs     0x20000148       0x20 src/ASF/thirdparty/fatfs/fatfs-r0.09/src/ff.o
 .bss.Fsid      0x20000168        0x2 src/ASF/thirdparty/fatfs/fatfs-r0.09/src/ff.o
 *fill*         0x2000016a        0x2 
 .bss.__malloc_free_list
                0x2000016c        0x4 c:/program files (x86)/atmel/studio/7.0/toolchain/arm/arm-gnu-toolchain/bin/../lib/gcc/arm-none-eabi/6.3.1/../../../../arm-none-eabi/lib/thumb/v6-m\libc_nano.a(lib_a-nano-mallocr.o)
                0x2000016c                __malloc_free_list
 .bss.__malloc_sbrk_start
                0x20000170        0x4 c:/program files (x86)/atmel/studio/7.0/toolchain/arm/arm-gnu-toolchain/bin/../lib/gcc/arm-none-eabi/6.3.1/../../../../arm-none-eabi/lib/thumb/v6-m\libc_nano.a(lib_a-nano-mallocr.o)
                0x20000170                __malloc_sbrk_start
 *(COMMON)
 COMMON         0x20000174      0x444 src/SerialConsole/SerialConsole.o
                0x20000174                usart_instance
                0x200001a8                cbufRx
                0x200001ac                latestRx
                0x200001b0                txCharacterBuffer
                0x200003b0                rxCharacterBuffer
                0x200005b0                latestTx
                0x200005b4                cbufTx
 COMMON         0x200005b8        0x4 src/ASF/sam0/drivers/rtc/rtc_sam_d_r_h/rtc_calendar.o
                0x200005b8                _rtc_instance
 COMMON         0x200005bc       0x18 src/ASF/sam0/drivers/sercom/sercom_interrupt.o
                0x200005bc                _sercom_instances
 COMMON         0x200005d4        0x2 src/ASF/sam0/drivers/sercom/spi/spi_interrupt.o
                0x200005d4                dummy_write
 *fill*         0x200005d6        0x2 
 COMMON         0x200005d8        0x8 src/ASF/thirdparty/fatfs/fatfs-port-r0.09/diskio.o
                0x200005d8                rtc_instance
 COMMON         0x200005e0        0x4 c:/program files (x86)/atmel/studio/7.0/toolchain/arm/arm-gnu-toolchain/bin/../lib/gcc/arm-none-eabi/6.3.1/../../../../arm-none-eabi/lib/thumb/v6-m\libc_nano.a(lib_a-reent.o)
                0x200005e0                errno
                0x200005e4                . = ALIGN (0x4)
                0x200005e4                _ebss = .
                0x200005e4                _ezero = .

.stack          0x200005e4     0x2004 load address 0x00011114
                0x200005e8                . = ALIGN (0x8)
 *fill*         0x200005e4        0x4 
                0x200005e8                _sstack = .
                0x200025e8                . = (. + STACK_SIZE)
 *fill*         0x200005e8     0x2000 
                0x200025e8                . = ALIGN (0x8)
                0x200025e8                _estack = .
                0x200025e8                . = ALIGN (0x4)
                0x200025e8                _end = .
OUTPUT(SD_MMC_main_EXAMPLE_ESE516.elf elf32-littlearm)

.ARM.attributes
                0x00000000       0x28
 .ARM.attributes
                0x00000000       0x1e c:/program files (x86)/atmel/studio/7.0/toolchain/arm/arm-gnu-toolchain/bin/../lib/gcc/arm-none-eabi/6.3.1/thumb/v6-m/crti.o
 .ARM.attributes
                0x0000001e       0x2c c:/program files (x86)/atmel/studio/7.0/toolchain/arm/arm-gnu-toolchain/bin/../lib/gcc/arm-none-eabi/6.3.1/thumb/v6-m/crtbegin.o
 .ARM.attributes
                0x0000004a       0x32 src/ASF/sam0/boards/board_init.o
 .ARM.attributes
                0x0000007c       0x32 src/SerialConsole/circular_buffer.o
 .ARM.attributes
                0x000000ae       0x32 src/SerialConsole/SerialConsole.o
 .ARM.attributes
                0x000000e0       0x32 src/ASF/common2/components/memory/sd_mmc/sd_mmc.o
 .ARM.attributes
                0x00000112       0x32 src/ASF/common2/components/memory/sd_mmc/sd_mmc_mem.o
 .ARM.attributes
                0x00000144       0x32 src/ASF/common2/components/memory/sd_mmc/sd_mmc_spi.o
 .ARM.attributes
                0x00000176       0x32 src/ASF/common2/services/delay/sam0/cycle_counter.o
 .ARM.attributes
                0x000001a8       0x32 src/ASF/common/services/storage/ctrl_access/ctrl_access.o
 .ARM.attributes
                0x000001da       0x32 src/ASF/common/utils/interrupt/interrupt_sam_nvic.o
 .ARM.attributes
                0x0000020c       0x32 src/ASF/sam0/drivers/port/port.o
 .ARM.attributes
                0x0000023e       0x32 src/ASF/sam0/drivers/rtc/rtc_sam_d_r_h/rtc_calendar.o
 .ARM.attributes
                0x00000270       0x32 src/ASF/sam0/drivers/sercom/sercom.o
 .ARM.attributes
                0x000002a2       0x32 src/ASF/sam0/drivers/sercom/sercom_interrupt.o
 .ARM.attributes
                0x000002d4       0x32 src/ASF/sam0/drivers/sercom/spi/spi.o
 .ARM.attributes
                0x00000306       0x32 src/ASF/sam0/drivers/sercom/spi/spi_interrupt.o
 .ARM.attributes
                0x00000338       0x32 src/ASF/sam0/drivers/sercom/usart/usart.o
 .ARM.attributes
                0x0000036a       0x32 src/ASF/sam0/drivers/sercom/usart/usart_interrupt.o
 .ARM.attributes
                0x0000039c       0x32 src/ASF/sam0/drivers/system/clock/clock_samd21_r21_da_ha1/clock.o
 .ARM.attributes
                0x000003ce       0x32 src/ASF/sam0/drivers/system/clock/clock_samd21_r21_da_ha1/gclk.o
 .ARM.attributes
                0x00000400       0x32 src/ASF/sam0/drivers/system/pinmux/pinmux.o
 .ARM.attributes
                0x00000432       0x32 src/ASF/sam0/drivers/system/system.o
 .ARM.attributes
                0x00000464       0x32 src/ASF/sam0/utils/cmsis/samd21/source/gcc/startup_samd21.o
 .ARM.attributes
                0x00000496       0x32 src/ASF/sam0/utils/syscalls/gcc/syscalls.o
 .ARM.attributes
                0x000004c8       0x32 src/ASF/thirdparty/fatfs/fatfs-port-r0.09/diskio.o
 .ARM.attributes
                0x000004fa       0x32 src/ASF/thirdparty/fatfs/fatfs-port-r0.09/sam0/fattime_rtc.o
 .ARM.attributes
                0x0000052c       0x32 src/ASF/thirdparty/fatfs/fatfs-r0.09/src/ff.o
 .ARM.attributes
                0x0000055e       0x32 src/ASF/thirdparty/fatfs/fatfs-r0.09/src/option/ccsbcs.o
 .ARM.attributes
                0x00000590       0x32 src/example.o
 .ARM.attributes
                0x000005c2       0x1e c:/program files (x86)/atmel/studio/7.0/toolchain/arm/arm-gnu-toolchain/bin/../lib/gcc/arm-none-eabi/6.3.1/thumb/v6-m\libgcc.a(_udivsi3.o)
 .ARM.attributes
                0x000005e0       0x1e c:/program files (x86)/atmel/studio/7.0/toolchain/arm/arm-gnu-toolchain/bin/../lib/gcc/arm-none-eabi/6.3.1/thumb/v6-m\libgcc.a(_divsi3.o)
 .ARM.attributes
                0x000005fe       0x1e c:/program files (x86)/atmel/studio/7.0/toolchain/arm/arm-gnu-toolchain/bin/../lib/gcc/arm-none-eabi/6.3.1/thumb/v6-m\libgcc.a(_dvmd_tls.o)
 .ARM.attributes
                0x0000061c       0x2c c:/program files (x86)/atmel/studio/7.0/toolchain/arm/arm-gnu-toolchain/bin/../lib/gcc/arm-none-eabi/6.3.1/thumb/v6-m\libgcc.a(_muldi3.o)
 .ARM.attributes
                0x00000648       0x2c c:/program files (x86)/atmel/studio/7.0/toolchain/arm/arm-gnu-toolchain/bin/../lib/gcc/arm-none-eabi/6.3.1/../../../../arm-none-eabi/lib/thumb/v6-m\libc_nano.a(lib_a-impure.o)
 .ARM.attributes
                0x00000674       0x2c c:/program files (x86)/atmel/studio/7.0/toolchain/arm/arm-gnu-toolchain/bin/../lib/gcc/arm-none-eabi/6.3.1/../../../../arm-none-eabi/lib/thumb/v6-m\libc_nano.a(lib_a-init.o)
 .ARM.attributes
                0x000006a0       0x2c c:/program files (x86)/atmel/studio/7.0/toolchain/arm/arm-gnu-toolchain/bin/../lib/gcc/arm-none-eabi/6.3.1/../../../../arm-none-eabi/lib/thumb/v6-m\libc_nano.a(lib_a-malloc.o)
 .ARM.attributes
                0x000006cc       0x2c c:/program files (x86)/atmel/studio/7.0/toolchain/arm/arm-gnu-toolchain/bin/../lib/gcc/arm-none-eabi/6.3.1/../../../../arm-none-eabi/lib/thumb/v6-m\libc_nano.a(lib_a-memset.o)
 .ARM.attributes
                0x000006f8       0x2c c:/program files (x86)/atmel/studio/7.0/toolchain/arm/arm-gnu-toolchain/bin/../lib/gcc/arm-none-eabi/6.3.1/../../../../arm-none-eabi/lib/thumb/v6-m\libc_nano.a(lib_a-nano-mallocr.o)
 .ARM.attributes
                0x00000724       0x2c c:/program files (x86)/atmel/studio/7.0/toolchain/arm/arm-gnu-toolchain/bin/../lib/gcc/arm-none-eabi/6.3.1/../../../../arm-none-eabi/lib/thumb/v6-m\libc_nano.a(lib_a-sbrkr.o)
 .ARM.attributes
                0x00000750       0x1c c:/program files (x86)/atmel/studio/7.0/toolchain/arm/arm-gnu-toolchain/bin/../lib/gcc/arm-none-eabi/6.3.1/../../../../arm-none-eabi/lib/thumb/v6-m\libc_nano.a(lib_a-strlen.o)
 .ARM.attributes
                0x0000076c       0x2c c:/program files (x86)/atmel/studio/7.0/toolchain/arm/arm-gnu-toolchain/bin/../lib/gcc/arm-none-eabi/6.3.1/../../../../arm-none-eabi/lib/thumb/v6-m\libc_nano.a(lib_a-mlock.o)
 .ARM.attributes
                0x00000798       0x2c c:/program files (x86)/atmel/studio/7.0/toolchain/arm/arm-gnu-toolchain/bin/../lib/gcc/arm-none-eabi/6.3.1/../../../../arm-none-eabi/lib/thumb/v6-m\libc_nano.a(lib_a-reent.o)
 .ARM.attributes
                0x000007c4       0x1e c:/program files (x86)/atmel/studio/7.0/toolchain/arm/arm-gnu-toolchain/bin/../lib/gcc/arm-none-eabi/6.3.1/thumb/v6-m/crtn.o

.comment        0x00000000       0x59
 .comment       0x00000000       0x59 src/ASF/sam0/boards/board_init.o
                                 0x5a (size before relaxing)
 .comment       0x00000059       0x5a src/SerialConsole/circular_buffer.o
 .comment       0x00000059       0x5a src/SerialConsole/SerialConsole.o
 .comment       0x00000059       0x5a src/ASF/common2/components/memory/sd_mmc/sd_mmc.o
 .comment       0x00000059       0x5a src/ASF/common2/components/memory/sd_mmc/sd_mmc_mem.o
 .comment       0x00000059       0x5a src/ASF/common2/components/memory/sd_mmc/sd_mmc_spi.o
 .comment       0x00000059       0x5a src/ASF/common2/services/delay/sam0/cycle_counter.o
 .comment       0x00000059       0x5a src/ASF/common/services/storage/ctrl_access/ctrl_access.o
 .comment       0x00000059       0x5a src/ASF/common/utils/interrupt/interrupt_sam_nvic.o
 .comment       0x00000059       0x5a src/ASF/sam0/drivers/port/port.o
 .comment       0x00000059       0x5a src/ASF/sam0/drivers/rtc/rtc_sam_d_r_h/rtc_calendar.o
 .comment       0x00000059       0x5a src/ASF/sam0/drivers/sercom/sercom.o
 .comment       0x00000059       0x5a src/ASF/sam0/drivers/sercom/sercom_interrupt.o
 .comment       0x00000059       0x5a src/ASF/sam0/drivers/sercom/spi/spi.o
 .comment       0x00000059       0x5a src/ASF/sam0/drivers/sercom/spi/spi_interrupt.o
 .comment       0x00000059       0x5a src/ASF/sam0/drivers/sercom/usart/usart.o
 .comment       0x00000059       0x5a src/ASF/sam0/drivers/sercom/usart/usart_interrupt.o
 .comment       0x00000059       0x5a src/ASF/sam0/drivers/system/clock/clock_samd21_r21_da_ha1/clock.o
 .comment       0x00000059       0x5a src/ASF/sam0/drivers/system/clock/clock_samd21_r21_da_ha1/gclk.o
 .comment       0x00000059       0x5a src/ASF/sam0/drivers/system/pinmux/pinmux.o
 .comment       0x00000059       0x5a src/ASF/sam0/drivers/system/system.o
 .comment       0x00000059       0x5a src/ASF/sam0/utils/cmsis/samd21/source/gcc/startup_samd21.o
 .comment       0x00000059       0x5a src/ASF/sam0/utils/syscalls/gcc/syscalls.o
 .comment       0x00000059       0x5a src/ASF/thirdparty/fatfs/fatfs-port-r0.09/diskio.o
 .comment       0x00000059       0x5a src/ASF/thirdparty/fatfs/fatfs-port-r0.09/sam0/fattime_rtc.o
 .comment       0x00000059       0x5a src/ASF/thirdparty/fatfs/fatfs-r0.09/src/ff.o
 .comment       0x00000059       0x5a src/ASF/thirdparty/fatfs/fatfs-r0.09/src/option/ccsbcs.o
 .comment       0x00000059       0x5a src/example.o

.debug_info     0x00000000    0x40c33
 .debug_info    0x00000000     0x12ad src/ASF/sam0/boards/board_init.o
 .debug_info    0x000012ad      0xd6e src/SerialConsole/circular_buffer.o
 .debug_info    0x0000201b     0x385c src/SerialConsole/SerialConsole.o
 .debug_info    0x00005877     0x1eac src/ASF/common2/components/memory/sd_mmc/sd_mmc.o
 .debug_info    0x00007723     0x1180 src/ASF/common2/components/memory/sd_mmc/sd_mmc_mem.o
 .debug_info    0x000088a3     0x47f9 src/ASF/common2/components/memory/sd_mmc/sd_mmc_spi.o
 .debug_info    0x0000d09c      0xa64 src/ASF/common2/services/delay/sam0/cycle_counter.o
 .debug_info    0x0000db00      0xf2a src/ASF/common/services/storage/ctrl_access/ctrl_access.o
 .debug_info    0x0000ea2a      0xb07 src/ASF/common/utils/interrupt/interrupt_sam_nvic.o
 .debug_info    0x0000f531     0x12b6 src/ASF/sam0/drivers/port/port.o
 .debug_info    0x000107e7     0x3335 src/ASF/sam0/drivers/rtc/rtc_sam_d_r_h/rtc_calendar.o
 .debug_info    0x00013b1c     0x2dd3 src/ASF/sam0/drivers/sercom/sercom.o
 .debug_info    0x000168ef     0x2bcf src/ASF/sam0/drivers/sercom/sercom_interrupt.o
 .debug_info    0x000194be     0x5ee5 src/ASF/sam0/drivers/sercom/spi/spi.o
 .debug_info    0x0001f3a3     0x31a3 src/ASF/sam0/drivers/sercom/spi/spi_interrupt.o
 .debug_info    0x00022546     0x4ab0 src/ASF/sam0/drivers/sercom/usart/usart.o
 .debug_info    0x00026ff6     0x3048 src/ASF/sam0/drivers/sercom/usart/usart_interrupt.o
 .debug_info    0x0002a03e     0x39d4 src/ASF/sam0/drivers/system/clock/clock_samd21_r21_da_ha1/clock.o
 .debug_info    0x0002da12     0x1ec7 src/ASF/sam0/drivers/system/clock/clock_samd21_r21_da_ha1/gclk.o
 .debug_info    0x0002f8d9     0x13f3 src/ASF/sam0/drivers/system/pinmux/pinmux.o
 .debug_info    0x00030ccc      0xa73 src/ASF/sam0/drivers/system/system.o
 .debug_info    0x0003173f     0x3a3f src/ASF/sam0/utils/cmsis/samd21/source/gcc/startup_samd21.o
 .debug_info    0x0003517e      0xd98 src/ASF/sam0/utils/syscalls/gcc/syscalls.o
 .debug_info    0x00035f16     0x2552 src/ASF/thirdparty/fatfs/fatfs-port-r0.09/diskio.o
 .debug_info    0x00038468     0x1f26 src/ASF/thirdparty/fatfs/fatfs-port-r0.09/sam0/fattime_rtc.o
 .debug_info    0x0003a38e     0x3408 src/ASF/thirdparty/fatfs/fatfs-r0.09/src/ff.o
 .debug_info    0x0003d796      0x16d src/ASF/thirdparty/fatfs/fatfs-r0.09/src/option/ccsbcs.o
 .debug_info    0x0003d903     0x3330 src/example.o

.debug_abbrev   0x00000000     0x5c9b
 .debug_abbrev  0x00000000      0x2dc src/ASF/sam0/boards/board_init.o
 .debug_abbrev  0x000002dc      0x2db src/SerialConsole/circular_buffer.o
 .debug_abbrev  0x000005b7      0x481 src/SerialConsole/SerialConsole.o
 .debug_abbrev  0x00000a38      0x3e4 src/ASF/common2/components/memory/sd_mmc/sd_mmc.o
 .debug_abbrev  0x00000e1c      0x2fd src/ASF/common2/components/memory/sd_mmc/sd_mmc_mem.o
 .debug_abbrev  0x00001119      0x51b src/ASF/common2/components/memory/sd_mmc/sd_mmc_spi.o
 .debug_abbrev  0x00001634      0x1e7 src/ASF/common2/services/delay/sam0/cycle_counter.o
 .debug_abbrev  0x0000181b      0x29f src/ASF/common/services/storage/ctrl_access/ctrl_access.o
 .debug_abbrev  0x00001aba      0x22c src/ASF/common/utils/interrupt/interrupt_sam_nvic.o
 .debug_abbrev  0x00001ce6      0x298 src/ASF/sam0/drivers/port/port.o
 .debug_abbrev  0x00001f7e      0x4c8 src/ASF/sam0/drivers/rtc/rtc_sam_d_r_h/rtc_calendar.o
 .debug_abbrev  0x00002446      0x378 src/ASF/sam0/drivers/sercom/sercom.o
 .debug_abbrev  0x000027be      0x2d8 src/ASF/sam0/drivers/sercom/sercom_interrupt.o
 .debug_abbrev  0x00002a96      0x510 src/ASF/sam0/drivers/sercom/spi/spi.o
 .debug_abbrev  0x00002fa6      0x3fd src/ASF/sam0/drivers/sercom/spi/spi_interrupt.o
 .debug_abbrev  0x000033a3      0x488 src/ASF/sam0/drivers/sercom/usart/usart.o
 .debug_abbrev  0x0000382b      0x416 src/ASF/sam0/drivers/sercom/usart/usart_interrupt.o
 .debug_abbrev  0x00003c41      0x493 src/ASF/sam0/drivers/system/clock/clock_samd21_r21_da_ha1/clock.o
 .debug_abbrev  0x000040d4      0x40d src/ASF/sam0/drivers/system/clock/clock_samd21_r21_da_ha1/gclk.o
 .debug_abbrev  0x000044e1      0x361 src/ASF/sam0/drivers/system/pinmux/pinmux.o
 .debug_abbrev  0x00004842      0x1e1 src/ASF/sam0/drivers/system/system.o
 .debug_abbrev  0x00004a23      0x234 src/ASF/sam0/utils/cmsis/samd21/source/gcc/startup_samd21.o
 .debug_abbrev  0x00004c57      0x257 src/ASF/sam0/utils/syscalls/gcc/syscalls.o
 .debug_abbrev  0x00004eae      0x400 src/ASF/thirdparty/fatfs/fatfs-port-r0.09/diskio.o
 .debug_abbrev  0x000052ae      0x260 src/ASF/thirdparty/fatfs/fatfs-port-r0.09/sam0/fattime_rtc.o
 .debug_abbrev  0x0000550e      0x361 src/ASF/thirdparty/fatfs/fatfs-r0.09/src/ff.o
 .debug_abbrev  0x0000586f       0xc7 src/ASF/thirdparty/fatfs/fatfs-r0.09/src/option/ccsbcs.o
 .debug_abbrev  0x00005936      0x365 src/example.o

.debug_loc      0x00000000     0xf0fc
 .debug_loc     0x00000000       0x8a src/ASF/sam0/boards/board_init.o
 .debug_loc     0x0000008a      0x387 src/SerialConsole/circular_buffer.o
 .debug_loc     0x00000411      0x254 src/SerialConsole/SerialConsole.o
 .debug_loc     0x00000665      0xf94 src/ASF/common2/components/memory/sd_mmc/sd_mmc.o
 .debug_loc     0x000015f9      0x615 src/ASF/common2/components/memory/sd_mmc/sd_mmc_mem.o
 .debug_loc     0x00001c0e      0x98f src/ASF/common2/components/memory/sd_mmc/sd_mmc_spi.o
 .debug_loc     0x0000259d      0x4a8 src/ASF/common/services/storage/ctrl_access/ctrl_access.o
 .debug_loc     0x00002a45      0x13d src/ASF/sam0/drivers/port/port.o
 .debug_loc     0x00002b82      0x945 src/ASF/sam0/drivers/rtc/rtc_sam_d_r_h/rtc_calendar.o
 .debug_loc     0x000034c7      0x9d5 src/ASF/sam0/drivers/sercom/sercom.o
 .debug_loc     0x00003e9c      0x161 src/ASF/sam0/drivers/sercom/sercom_interrupt.o
 .debug_loc     0x00003ffd     0x19c3 src/ASF/sam0/drivers/sercom/spi/spi.o
 .debug_loc     0x000059c0      0x632 src/ASF/sam0/drivers/sercom/spi/spi_interrupt.o
 .debug_loc     0x00005ff2      0xe2f src/ASF/sam0/drivers/sercom/usart/usart.o
 .debug_loc     0x00006e21      0x711 src/ASF/sam0/drivers/sercom/usart/usart_interrupt.o
 .debug_loc     0x00007532      0xf7d src/ASF/sam0/drivers/system/clock/clock_samd21_r21_da_ha1/clock.o
 .debug_loc     0x000084af      0x504 src/ASF/sam0/drivers/system/clock/clock_samd21_r21_da_ha1/gclk.o
 .debug_loc     0x000089b3      0x36d src/ASF/sam0/drivers/system/pinmux/pinmux.o
 .debug_loc     0x00008d20       0x20 src/ASF/sam0/drivers/system/system.o
 .debug_loc     0x00008d40       0x40 src/ASF/sam0/utils/cmsis/samd21/source/gcc/startup_samd21.o
 .debug_loc     0x00008d80       0xef src/ASF/sam0/utils/syscalls/gcc/syscalls.o
 .debug_loc     0x00008e6f      0x645 src/ASF/thirdparty/fatfs/fatfs-port-r0.09/diskio.o
 .debug_loc     0x000094b4       0x2c src/ASF/thirdparty/fatfs/fatfs-port-r0.09/sam0/fattime_rtc.o
 .debug_loc     0x000094e0     0x5a94 src/ASF/thirdparty/fatfs/fatfs-r0.09/src/ff.o
 .debug_loc     0x0000ef74      0x109 src/ASF/thirdparty/fatfs/fatfs-r0.09/src/option/ccsbcs.o
 .debug_loc     0x0000f07d       0x7f src/example.o

.debug_aranges  0x00000000      0xa68
 .debug_aranges
                0x00000000       0x20 src/ASF/sam0/boards/board_init.o
 .debug_aranges
                0x00000020       0x70 src/SerialConsole/circular_buffer.o
 .debug_aranges
                0x00000090       0x58 src/SerialConsole/SerialConsole.o
 .debug_aranges
                0x000000e8       0xa8 src/ASF/common2/components/memory/sd_mmc/sd_mmc.o
 .debug_aranges
                0x00000190       0xc0 src/ASF/common2/components/memory/sd_mmc/sd_mmc_mem.o
 .debug_aranges
                0x00000250       0xb8 src/ASF/common2/components/memory/sd_mmc/sd_mmc_spi.o
 .debug_aranges
                0x00000308       0x28 src/ASF/common2/services/delay/sam0/cycle_counter.o
 .debug_aranges
                0x00000330       0x70 src/ASF/common/services/storage/ctrl_access/ctrl_access.o
 .debug_aranges
                0x000003a0       0x28 src/ASF/common/utils/interrupt/interrupt_sam_nvic.o
 .debug_aranges
                0x000003c8       0x28 src/ASF/sam0/drivers/port/port.o
 .debug_aranges
                0x000003f0       0x78 src/ASF/sam0/drivers/rtc/rtc_sam_d_r_h/rtc_calendar.o
 .debug_aranges
                0x00000468       0x48 src/ASF/sam0/drivers/sercom/sercom.o
 .debug_aranges
                0x000004b0       0x60 src/ASF/sam0/drivers/sercom/sercom_interrupt.o
 .debug_aranges
                0x00000510       0x58 src/ASF/sam0/drivers/sercom/spi/spi.o
 .debug_aranges
                0x00000568       0x50 src/ASF/sam0/drivers/sercom/spi/spi_interrupt.o
 .debug_aranges
                0x000005b8       0x40 src/ASF/sam0/drivers/sercom/usart/usart.o
 .debug_aranges
                0x000005f8       0x70 src/ASF/sam0/drivers/sercom/usart/usart_interrupt.o
 .debug_aranges
                0x00000668       0x78 src/ASF/sam0/drivers/system/clock/clock_samd21_r21_da_ha1/clock.o
 .debug_aranges
                0x000006e0       0x80 src/ASF/sam0/drivers/system/clock/clock_samd21_r21_da_ha1/gclk.o
 .debug_aranges
                0x00000760       0x40 src/ASF/sam0/drivers/system/pinmux/pinmux.o
 .debug_aranges
                0x000007a0       0x28 src/ASF/sam0/drivers/system/system.o
 .debug_aranges
                0x000007c8       0x28 src/ASF/sam0/utils/cmsis/samd21/source/gcc/startup_samd21.o
 .debug_aranges
                0x000007f0       0x60 src/ASF/sam0/utils/syscalls/gcc/syscalls.o
 .debug_aranges
                0x00000850       0x40 src/ASF/thirdparty/fatfs/fatfs-port-r0.09/diskio.o
 .debug_aranges
                0x00000890       0x20 src/ASF/thirdparty/fatfs/fatfs-port-r0.09/sam0/fattime_rtc.o
 .debug_aranges
                0x000008b0      0x170 src/ASF/thirdparty/fatfs/fatfs-r0.09/src/ff.o
 .debug_aranges
                0x00000a20       0x28 src/ASF/thirdparty/fatfs/fatfs-r0.09/src/option/ccsbcs.o
 .debug_aranges
                0x00000a48       0x20 src/example.o

.debug_ranges   0x00000000      0xee0
 .debug_ranges  0x00000000       0x10 src/ASF/sam0/boards/board_init.o
 .debug_ranges  0x00000010       0x60 src/SerialConsole/circular_buffer.o
 .debug_ranges  0x00000070       0x48 src/SerialConsole/SerialConsole.o
 .debug_ranges  0x000000b8      0x1d8 src/ASF/common2/components/memory/sd_mmc/sd_mmc.o
 .debug_ranges  0x00000290       0xb0 src/ASF/common2/components/memory/sd_mmc/sd_mmc_mem.o
 .debug_ranges  0x00000340       0xa8 src/ASF/common2/components/memory/sd_mmc/sd_mmc_spi.o
 .debug_ranges  0x000003e8       0x18 src/ASF/common2/services/delay/sam0/cycle_counter.o
 .debug_ranges  0x00000400       0x60 src/ASF/common/services/storage/ctrl_access/ctrl_access.o
 .debug_ranges  0x00000460       0x18 src/ASF/common/utils/interrupt/interrupt_sam_nvic.o
 .debug_ranges  0x00000478       0x18 src/ASF/sam0/drivers/port/port.o
 .debug_ranges  0x00000490       0xb0 src/ASF/sam0/drivers/rtc/rtc_sam_d_r_h/rtc_calendar.o
 .debug_ranges  0x00000540       0x50 src/ASF/sam0/drivers/sercom/sercom.o
 .debug_ranges  0x00000590       0x50 src/ASF/sam0/drivers/sercom/sercom_interrupt.o
 .debug_ranges  0x000005e0      0x240 src/ASF/sam0/drivers/sercom/spi/spi.o
 .debug_ranges  0x00000820       0xb8 src/ASF/sam0/drivers/sercom/spi/spi_interrupt.o
 .debug_ranges  0x000008d8      0x140 src/ASF/sam0/drivers/sercom/usart/usart.o
 .debug_ranges  0x00000a18       0x60 src/ASF/sam0/drivers/sercom/usart/usart_interrupt.o
 .debug_ranges  0x00000a78       0x68 src/ASF/sam0/drivers/system/clock/clock_samd21_r21_da_ha1/clock.o
 .debug_ranges  0x00000ae0       0x88 src/ASF/sam0/drivers/system/clock/clock_samd21_r21_da_ha1/gclk.o
 .debug_ranges  0x00000b68       0x30 src/ASF/sam0/drivers/system/pinmux/pinmux.o
 .debug_ranges  0x00000b98       0x18 src/ASF/sam0/drivers/system/system.o
 .debug_ranges  0x00000bb0       0x18 src/ASF/sam0/utils/cmsis/samd21/source/gcc/startup_samd21.o
 .debug_ranges  0x00000bc8       0x50 src/ASF/sam0/utils/syscalls/gcc/syscalls.o
 .debug_ranges  0x00000c18       0x30 src/ASF/thirdparty/fatfs/fatfs-port-r0.09/diskio.o
 .debug_ranges  0x00000c48       0x10 src/ASF/thirdparty/fatfs/fatfs-port-r0.09/sam0/fattime_rtc.o
 .debug_ranges  0x00000c58      0x260 src/ASF/thirdparty/fatfs/fatfs-r0.09/src/ff.o
 .debug_ranges  0x00000eb8       0x18 src/ASF/thirdparty/fatfs/fatfs-r0.09/src/option/ccsbcs.o
 .debug_ranges  0x00000ed0       0x10 src/example.o

.debug_macro    0x00000000    0x1edb5
 .debug_macro   0x00000000      0x53a src/ASF/sam0/boards/board_init.o
 .debug_macro   0x0000053a      0x8ce src/ASF/sam0/boards/board_init.o
 .debug_macro   0x00000e08      0x16d src/ASF/sam0/boards/board_init.o
 .debug_macro   0x00000f75      0x6d7 src/ASF/sam0/boards/board_init.o
 .debug_macro   0x0000164c       0x22 src/ASF/sam0/boards/board_init.o
 .debug_macro   0x0000166e       0x87 src/ASF/sam0/boards/board_init.o
 .debug_macro   0x000016f5       0x51 src/ASF/sam0/boards/board_init.o
 .debug_macro   0x00001746       0xef src/ASF/sam0/boards/board_init.o
 .debug_macro   0x00001835       0x6a src/ASF/sam0/boards/board_init.o
 .debug_macro   0x0000189f      0x1df src/ASF/sam0/boards/board_init.o
 .debug_macro   0x00001a7e       0x10 src/ASF/sam0/boards/board_init.o
 .debug_macro   0x00001a8e       0x76 src/ASF/sam0/boards/board_init.o
 .debug_macro   0x00001b04       0x16 src/ASF/sam0/boards/board_init.o
 .debug_macro   0x00001b1a      0x6db src/ASF/sam0/boards/board_init.o
 .debug_macro   0x000021f5      0xdd8 src/ASF/sam0/boards/board_init.o
 .debug_macro   0x00002fcd       0x22 src/ASF/sam0/boards/board_init.o
 .debug_macro   0x00002fef       0x40 src/ASF/sam0/boards/board_init.o
 .debug_macro   0x0000302f       0x3a src/ASF/sam0/boards/board_init.o
 .debug_macro   0x00003069       0x1f src/ASF/sam0/boards/board_init.o
 .debug_macro   0x00003088      0x250 src/ASF/sam0/boards/board_init.o
 .debug_macro   0x000032d8      0x681 src/ASF/sam0/boards/board_init.o
 .debug_macro   0x00003959      0x8b5 src/ASF/sam0/boards/board_init.o
 .debug_macro   0x0000420e      0x230 src/ASF/sam0/boards/board_init.o
 .debug_macro   0x0000443e      0xd60 src/ASF/sam0/boards/board_init.o
 .debug_macro   0x0000519e      0x4cb src/ASF/sam0/boards/board_init.o
 .debug_macro   0x00005669      0x9f8 src/ASF/sam0/boards/board_init.o
 .debug_macro   0x00006061      0x82b src/ASF/sam0/boards/board_init.o
 .debug_macro   0x0000688c      0x455 src/ASF/sam0/boards/board_init.o
 .debug_macro   0x00006ce1       0x5e src/ASF/sam0/boards/board_init.o
 .debug_macro   0x00006d3f      0x8fd src/ASF/sam0/boards/board_init.o
 .debug_macro   0x0000763c      0x21c src/ASF/sam0/boards/board_init.o
 .debug_macro   0x00007858      0x95b src/ASF/sam0/boards/board_init.o
 .debug_macro   0x000081b3       0x5e src/ASF/sam0/boards/board_init.o
 .debug_macro   0x00008211      0x667 src/ASF/sam0/boards/board_init.o
 .debug_macro   0x00008878      0x3af src/ASF/sam0/boards/board_init.o
 .debug_macro   0x00008c27      0xc7a src/ASF/sam0/boards/board_init.o
 .debug_macro   0x000098a1     0x1092 src/ASF/sam0/boards/board_init.o
 .debug_macro   0x0000a933      0xc4a src/ASF/sam0/boards/board_init.o
 .debug_macro   0x0000b57d      0x6ba src/ASF/sam0/boards/board_init.o
 .debug_macro   0x0000bc37     0x1bbf src/ASF/sam0/boards/board_init.o
 .debug_macro   0x0000d7f6     0x1440 src/ASF/sam0/boards/board_init.o
 .debug_macro   0x0000ec36      0x344 src/ASF/sam0/boards/board_init.o
 .debug_macro   0x0000ef7a       0x7c src/ASF/sam0/boards/board_init.o
 .debug_macro   0x0000eff6       0xa0 src/ASF/sam0/boards/board_init.o
 .debug_macro   0x0000f096       0x4c src/ASF/sam0/boards/board_init.o
 .debug_macro   0x0000f0e2       0xca src/ASF/sam0/boards/board_init.o
 .debug_macro   0x0000f1ac       0x94 src/ASF/sam0/boards/board_init.o
 .debug_macro   0x0000f240       0x58 src/ASF/sam0/boards/board_init.o
 .debug_macro   0x0000f298      0x37d src/ASF/sam0/boards/board_init.o
 .debug_macro   0x0000f615       0x82 src/ASF/sam0/boards/board_init.o
 .debug_macro   0x0000f697      0x18d src/ASF/sam0/boards/board_init.o
 .debug_macro   0x0000f824       0xb8 src/ASF/sam0/boards/board_init.o
 .debug_macro   0x0000f8dc       0xa0 src/ASF/sam0/boards/board_init.o
 .debug_macro   0x0000f97c       0xb8 src/ASF/sam0/boards/board_init.o
 .debug_macro   0x0000fa34       0x1c src/ASF/sam0/boards/board_init.o
 .debug_macro   0x0000fa50       0x1c src/ASF/sam0/boards/board_init.o
 .debug_macro   0x0000fa6c       0x1c src/ASF/sam0/boards/board_init.o
 .debug_macro   0x0000fa88       0x82 src/ASF/sam0/boards/board_init.o
 .debug_macro   0x0000fb0a      0x15a src/ASF/sam0/boards/board_init.o
 .debug_macro   0x0000fc64       0xdc src/ASF/sam0/boards/board_init.o
 .debug_macro   0x0000fd40      0x128 src/ASF/sam0/boards/board_init.o
 .debug_macro   0x0000fe68      0x128 src/ASF/sam0/boards/board_init.o
 .debug_macro   0x0000ff90      0x128 src/ASF/sam0/boards/board_init.o
 .debug_macro   0x000100b8      0x128 src/ASF/sam0/boards/board_init.o
 .debug_macro   0x000101e0      0x128 src/ASF/sam0/boards/board_init.o
 .debug_macro   0x00010308      0x128 src/ASF/sam0/boards/board_init.o
 .debug_macro   0x00010430      0x124 src/ASF/sam0/boards/board_init.o
 .debug_macro   0x00010554       0xe2 src/ASF/sam0/boards/board_init.o
 .debug_macro   0x00010636       0xe2 src/ASF/sam0/boards/board_init.o
 .debug_macro   0x00010718       0xe2 src/ASF/sam0/boards/board_init.o
 .debug_macro   0x000107fa      0x130 src/ASF/sam0/boards/board_init.o
 .debug_macro   0x0001092a      0x106 src/ASF/sam0/boards/board_init.o
 .debug_macro   0x00010a30       0xfa src/ASF/sam0/boards/board_init.o
 .debug_macro   0x00010b2a      0x40f src/ASF/sam0/boards/board_init.o
 .debug_macro   0x00010f39       0x40 src/ASF/sam0/boards/board_init.o
 .debug_macro   0x00010f79      0x361 src/ASF/sam0/boards/board_init.o
 .debug_macro   0x000112da     0x16e3 src/ASF/sam0/boards/board_init.o
 .debug_macro   0x000129bd       0x6d src/ASF/sam0/boards/board_init.o
 .debug_macro   0x00012a2a       0x58 src/ASF/sam0/boards/board_init.o
 .debug_macro   0x00012a82       0x35 src/ASF/sam0/boards/board_init.o
 .debug_macro   0x00012ab7       0x9c src/ASF/sam0/boards/board_init.o
 .debug_macro   0x00012b53       0x16 src/ASF/sam0/boards/board_init.o
 .debug_macro   0x00012b69       0x35 src/ASF/sam0/boards/board_init.o
 .debug_macro   0x00012b9e      0x353 src/ASF/sam0/boards/board_init.o
 .debug_macro   0x00012ef1       0x10 src/ASF/sam0/boards/board_init.o
 .debug_macro   0x00012f01       0x58 src/ASF/sam0/boards/board_init.o
 .debug_macro   0x00012f59       0x1f src/ASF/sam0/boards/board_init.o
 .debug_macro   0x00012f78       0x43 src/ASF/sam0/boards/board_init.o
 .debug_macro   0x00012fbb       0x20 src/ASF/sam0/boards/board_init.o
 .debug_macro   0x00012fdb      0x187 src/ASF/sam0/boards/board_init.o
 .debug_macro   0x00013162       0x10 src/ASF/sam0/boards/board_init.o
 .debug_macro   0x00013172       0x1c src/ASF/sam0/boards/board_init.o
 .debug_macro   0x0001318e       0x52 src/ASF/sam0/boards/board_init.o
 .debug_macro   0x000131e0       0x40 src/ASF/sam0/boards/board_init.o
 .debug_macro   0x00013220       0x10 src/ASF/sam0/boards/board_init.o
 .debug_macro   0x00013230       0x40 src/ASF/sam0/boards/board_init.o
 .debug_macro   0x00013270       0xd7 src/ASF/sam0/boards/board_init.o
 .debug_macro   0x00013347       0x16 src/ASF/sam0/boards/board_init.o
 .debug_macro   0x0001335d      0x18b src/ASF/sam0/boards/board_init.o
 .debug_macro   0x000134e8       0x16 src/ASF/sam0/boards/board_init.o
 .debug_macro   0x000134fe       0x16 src/ASF/sam0/boards/board_init.o
 .debug_macro   0x00013514       0x29 src/ASF/sam0/boards/board_init.o
 .debug_macro   0x0001353d       0x51 src/ASF/sam0/boards/board_init.o
 .debug_macro   0x0001358e       0x3e src/ASF/sam0/boards/board_init.o
 .debug_macro   0x000135cc      0x3df src/ASF/sam0/boards/board_init.o
 .debug_macro   0x000139ab      0x2c3 src/ASF/sam0/boards/board_init.o
 .debug_macro   0x00013c6e      0x6ce src/ASF/sam0/boards/board_init.o
 .debug_macro   0x0001433c       0x18 src/ASF/sam0/boards/board_init.o
 .debug_macro   0x00014354       0x12 src/ASF/sam0/boards/board_init.o
 .debug_macro   0x00014366      0x142 src/SerialConsole/circular_buffer.o
 .debug_macro   0x000144a8       0x52 src/SerialConsole/circular_buffer.o
 .debug_macro   0x000144fa       0x8d src/SerialConsole/circular_buffer.o
 .debug_macro   0x00014587      0x10e src/SerialConsole/circular_buffer.o
 .debug_macro   0x00014695       0x86 src/SerialConsole/circular_buffer.o
 .debug_macro   0x0001471b       0x57 src/SerialConsole/circular_buffer.o
 .debug_macro   0x00014772       0x16 src/SerialConsole/circular_buffer.o
 .debug_macro   0x00014788      0x740 src/SerialConsole/SerialConsole.o
 .debug_macro   0x00014ec8       0x11 src/SerialConsole/SerialConsole.o
 .debug_macro   0x00014ed9       0x2e src/SerialConsole/SerialConsole.o
 .debug_macro   0x00014f07       0x16 src/SerialConsole/SerialConsole.o
 .debug_macro   0x00014f1d       0x10 src/SerialConsole/SerialConsole.o
 .debug_macro   0x00014f2d       0x82 src/SerialConsole/SerialConsole.o
 .debug_macro   0x00014faf       0x9b src/SerialConsole/SerialConsole.o
 .debug_macro   0x0001504a       0xe7 src/SerialConsole/SerialConsole.o
 .debug_macro   0x00015131      0x1bf src/SerialConsole/SerialConsole.o
 .debug_macro   0x000152f0       0x46 src/SerialConsole/SerialConsole.o
 .debug_macro   0x00015336      0x298 src/SerialConsole/SerialConsole.o
 .debug_macro   0x000155ce       0x52 src/SerialConsole/SerialConsole.o
 .debug_macro   0x00015620       0x9a src/SerialConsole/SerialConsole.o
 .debug_macro   0x000156ba       0x16 src/SerialConsole/SerialConsole.o
 .debug_macro   0x000156d0       0x2e src/SerialConsole/SerialConsole.o
 .debug_macro   0x000156fe       0xb2 src/SerialConsole/SerialConsole.o
 .debug_macro   0x000157b0       0x10 src/SerialConsole/SerialConsole.o
 .debug_macro   0x000157c0       0x16 src/SerialConsole/SerialConsole.o
 .debug_macro   0x000157d6       0x16 src/SerialConsole/SerialConsole.o
 .debug_macro   0x000157ec       0x35 src/SerialConsole/SerialConsole.o
 .debug_macro   0x00015821       0x49 src/SerialConsole/SerialConsole.o
 .debug_macro   0x0001586a       0x4c src/SerialConsole/SerialConsole.o
 .debug_macro   0x000158b6      0x7d0 src/ASF/common2/components/memory/sd_mmc/sd_mmc.o
 .debug_macro   0x00016086      0xd3a src/ASF/common2/components/memory/sd_mmc/sd_mmc.o
 .debug_macro   0x00016dc0       0x52 src/ASF/common2/components/memory/sd_mmc/sd_mmc.o
 .debug_macro   0x00016e12      0x55a src/ASF/common2/components/memory/sd_mmc/sd_mmc_mem.o
 .debug_macro   0x0001736c      0x1b9 src/ASF/common2/components/memory/sd_mmc/sd_mmc_mem.o
 .debug_macro   0x00017525       0xa0 src/ASF/common2/components/memory/sd_mmc/sd_mmc_mem.o
 .debug_macro   0x000175c5       0x4c src/ASF/common2/components/memory/sd_mmc/sd_mmc_mem.o
 .debug_macro   0x00017611      0x72e src/ASF/common2/components/memory/sd_mmc/sd_mmc_spi.o
 .debug_macro   0x00017d3f      0x539 src/ASF/common2/services/delay/sam0/cycle_counter.o
 .debug_macro   0x00018278      0x561 src/ASF/common/services/storage/ctrl_access/ctrl_access.o
 .debug_macro   0x000187d9      0x4fe src/ASF/common/utils/interrupt/interrupt_sam_nvic.o
 .debug_macro   0x00018cd7      0x518 src/ASF/sam0/drivers/port/port.o
 .debug_macro   0x000191ef      0x536 src/ASF/sam0/drivers/rtc/rtc_sam_d_r_h/rtc_calendar.o
 .debug_macro   0x00019725      0x58b src/ASF/sam0/drivers/sercom/sercom.o
 .debug_macro   0x00019cb0      0x588 src/ASF/sam0/drivers/sercom/sercom_interrupt.o
 .debug_macro   0x0001a238      0x5cf src/ASF/sam0/drivers/sercom/spi/spi.o
 .debug_macro   0x0001a807      0x5d9 src/ASF/sam0/drivers/sercom/spi/spi_interrupt.o
 .debug_macro   0x0001ade0      0x59c src/ASF/sam0/drivers/sercom/usart/usart.o
 .debug_macro   0x0001b37c       0x51 src/ASF/sam0/drivers/sercom/usart/usart.o
 .debug_macro   0x0001b3cd      0x59c src/ASF/sam0/drivers/sercom/usart/usart_interrupt.o
 .debug_macro   0x0001b969      0x57d src/ASF/sam0/drivers/system/clock/clock_samd21_r21_da_ha1/clock.o
 .debug_macro   0x0001bee6      0x534 src/ASF/sam0/drivers/system/clock/clock_samd21_r21_da_ha1/gclk.o
 .debug_macro   0x0001c41a      0x50e src/ASF/sam0/drivers/system/pinmux/pinmux.o
 .debug_macro   0x0001c928       0x12 src/ASF/sam0/drivers/system/pinmux/pinmux.o
 .debug_macro   0x0001c93a      0x541 src/ASF/sam0/drivers/system/system.o
 .debug_macro   0x0001ce7b      0x2e5 src/ASF/sam0/utils/cmsis/samd21/source/gcc/startup_samd21.o
 .debug_macro   0x0001d160       0x3a src/ASF/sam0/utils/cmsis/samd21/source/gcc/startup_samd21.o
 .debug_macro   0x0001d19a      0x1d6 src/ASF/sam0/utils/syscalls/gcc/syscalls.o
 .debug_macro   0x0001d370       0x97 src/ASF/sam0/utils/syscalls/gcc/syscalls.o
 .debug_macro   0x0001d407       0xf6 src/ASF/sam0/utils/syscalls/gcc/syscalls.o
 .debug_macro   0x0001d4fd       0x16 src/ASF/sam0/utils/syscalls/gcc/syscalls.o
 .debug_macro   0x0001d513       0x10 src/ASF/sam0/utils/syscalls/gcc/syscalls.o
 .debug_macro   0x0001d523       0x10 src/ASF/sam0/utils/syscalls/gcc/syscalls.o
 .debug_macro   0x0001d533       0x35 src/ASF/sam0/utils/syscalls/gcc/syscalls.o
 .debug_macro   0x0001d568      0x122 src/ASF/sam0/utils/syscalls/gcc/syscalls.o
 .debug_macro   0x0001d68a      0x5e6 src/ASF/thirdparty/fatfs/fatfs-port-r0.09/diskio.o
 .debug_macro   0x0001dc70      0x536 src/ASF/thirdparty/fatfs/fatfs-port-r0.09/sam0/fattime_rtc.o
 .debug_macro   0x0001e1a6      0x28e src/ASF/thirdparty/fatfs/fatfs-r0.09/src/ff.o
 .debug_macro   0x0001e434       0xee src/ASF/thirdparty/fatfs/fatfs-r0.09/src/ff.o
 .debug_macro   0x0001e522       0x8e src/ASF/thirdparty/fatfs/fatfs-r0.09/src/ff.o
 .debug_macro   0x0001e5b0       0x58 src/ASF/thirdparty/fatfs/fatfs-r0.09/src/ff.o
 .debug_macro   0x0001e608       0x3d src/ASF/thirdparty/fatfs/fatfs-r0.09/src/option/ccsbcs.o
 .debug_macro   0x0001e645      0x73c src/example.o
 .debug_macro   0x0001ed81       0x34 src/example.o

.debug_line     0x00000000    0x137ed
 .debug_line    0x00000000      0x982 src/ASF/sam0/boards/board_init.o
 .debug_line    0x00000982      0x417 src/SerialConsole/circular_buffer.o
 .debug_line    0x00000d99      0xffd src/SerialConsole/SerialConsole.o
 .debug_line    0x00001d96     0x1225 src/ASF/common2/components/memory/sd_mmc/sd_mmc.o
 .debug_line    0x00002fbb      0xb34 src/ASF/common2/components/memory/sd_mmc/sd_mmc_mem.o
 .debug_line    0x00003aef     0x1170 src/ASF/common2/components/memory/sd_mmc/sd_mmc_spi.o
 .debug_line    0x00004c5f      0x977 src/ASF/common2/services/delay/sam0/cycle_counter.o
 .debug_line    0x000055d6      0xa86 src/ASF/common/services/storage/ctrl_access/ctrl_access.o
 .debug_line    0x0000605c      0x8c5 src/ASF/common/utils/interrupt/interrupt_sam_nvic.o
 .debug_line    0x00006921      0x8f2 src/ASF/sam0/drivers/port/port.o
 .debug_line    0x00007213      0xb8e src/ASF/sam0/drivers/rtc/rtc_sam_d_r_h/rtc_calendar.o
 .debug_line    0x00007da1      0xbcb src/ASF/sam0/drivers/sercom/sercom.o
 .debug_line    0x0000896c      0xb6f src/ASF/sam0/drivers/sercom/sercom_interrupt.o
 .debug_line    0x000094db     0x1039 src/ASF/sam0/drivers/sercom/spi/spi.o
 .debug_line    0x0000a514      0xcec src/ASF/sam0/drivers/sercom/spi/spi_interrupt.o
 .debug_line    0x0000b200      0xd36 src/ASF/sam0/drivers/sercom/usart/usart.o
 .debug_line    0x0000bf36      0xcc4 src/ASF/sam0/drivers/sercom/usart/usart_interrupt.o
 .debug_line    0x0000cbfa      0xcb5 src/ASF/sam0/drivers/system/clock/clock_samd21_r21_da_ha1/clock.o
 .debug_line    0x0000d8af      0xc6e src/ASF/sam0/drivers/system/clock/clock_samd21_r21_da_ha1/gclk.o
 .debug_line    0x0000e51d      0x93f src/ASF/sam0/drivers/system/pinmux/pinmux.o
 .debug_line    0x0000ee5c      0x9e9 src/ASF/sam0/drivers/system/system.o
 .debug_line    0x0000f845      0x644 src/ASF/sam0/utils/cmsis/samd21/source/gcc/startup_samd21.o
 .debug_line    0x0000fe89      0x409 src/ASF/sam0/utils/syscalls/gcc/syscalls.o
 .debug_line    0x00010292      0xbb2 src/ASF/thirdparty/fatfs/fatfs-port-r0.09/diskio.o
 .debug_line    0x00010e44      0x984 src/ASF/thirdparty/fatfs/fatfs-port-r0.09/sam0/fattime_rtc.o
 .debug_line    0x000117c8      0xf48 src/ASF/thirdparty/fatfs/fatfs-r0.09/src/ff.o
 .debug_line    0x00012710      0x128 src/ASF/thirdparty/fatfs/fatfs-r0.09/src/option/ccsbcs.o
 .debug_line    0x00012838      0xfb5 src/example.o

.debug_str      0x00000000    0x92b5f
 .debug_str     0x00000000    0x820a8 src/ASF/sam0/boards/board_init.o
                              0x829c8 (size before relaxing)
 .debug_str     0x000820a8      0x1d5 src/SerialConsole/circular_buffer.o
                               0x67a3 (size before relaxing)
 .debug_str     0x0008227d     0x4e2c src/SerialConsole/SerialConsole.o
                              0x876f7 (size before relaxing)
 .debug_str     0x000870a9     0x5220 src/ASF/common2/components/memory/sd_mmc/sd_mmc.o
                              0x8afcf (size before relaxing)
 .debug_str     0x0008c2c9      0x18f src/ASF/common2/components/memory/sd_mmc/sd_mmc_mem.o
                              0x8374c (size before relaxing)
 .debug_str     0x0008c458      0x7b2 src/ASF/common2/components/memory/sd_mmc/sd_mmc_spi.o
                              0x8c0af (size before relaxing)
 .debug_str     0x0008cc0a       0x42 src/ASF/common2/services/delay/sam0/cycle_counter.o
                              0x8014b (size before relaxing)
 .debug_str     0x0008cc4c      0x239 src/ASF/common/services/storage/ctrl_access/ctrl_access.o
                              0x8337b (size before relaxing)
 .debug_str     0x0008ce85       0x94 src/ASF/common/utils/interrupt/interrupt_sam_nvic.o
                              0x7fe7c (size before relaxing)
 .debug_str     0x0008cf19       0xaa src/ASF/sam0/drivers/port/port.o
                              0x802a8 (size before relaxing)
 .debug_str     0x0008cfc3      0xb9b src/ASF/sam0/drivers/rtc/rtc_sam_d_r_h/rtc_calendar.o
                              0x81f04 (size before relaxing)
 .debug_str     0x0008db5e      0x3a9 src/ASF/sam0/drivers/sercom/sercom.o
                              0x8155d (size before relaxing)
 .debug_str     0x0008df07      0x17b src/ASF/sam0/drivers/sercom/sercom_interrupt.o
                              0x813c0 (size before relaxing)
 .debug_str     0x0008e082      0x420 src/ASF/sam0/drivers/sercom/spi/spi.o
                              0x8284f (size before relaxing)
 .debug_str     0x0008e4a2      0x244 src/ASF/sam0/drivers/sercom/spi/spi_interrupt.o
                              0x8180b (size before relaxing)
 .debug_str     0x0008e6e6       0x8f src/ASF/sam0/drivers/sercom/usart/usart.o
                              0x82328 (size before relaxing)
 .debug_str     0x0008e775      0x120 src/ASF/sam0/drivers/sercom/usart/usart_interrupt.o
                              0x8156e (size before relaxing)
 .debug_str     0x0008e895     0x1780 src/ASF/sam0/drivers/system/clock/clock_samd21_r21_da_ha1/clock.o
                              0x83109 (size before relaxing)
 .debug_str     0x00090015      0x1fa src/ASF/sam0/drivers/system/clock/clock_samd21_r21_da_ha1/gclk.o
                              0x80b3f (size before relaxing)
 .debug_str     0x0009020f      0x179 src/ASF/sam0/drivers/system/pinmux/pinmux.o
                              0x8031e (size before relaxing)
 .debug_str     0x00090388       0x47 src/ASF/sam0/drivers/system/system.o
                              0x7ff59 (size before relaxing)
 .debug_str     0x000903cf      0xf15 src/ASF/sam0/utils/cmsis/samd21/source/gcc/startup_samd21.o
                              0x6b362 (size before relaxing)
 .debug_str     0x000912e4      0x686 src/ASF/sam0/utils/syscalls/gcc/syscalls.o
                               0x741e (size before relaxing)
 .debug_str     0x0009196a      0x1c3 src/ASF/thirdparty/fatfs/fatfs-port-r0.09/diskio.o
                              0x84d25 (size before relaxing)
 .debug_str     0x00091b2d       0x61 src/ASF/thirdparty/fatfs/fatfs-port-r0.09/sam0/fattime_rtc.o
                              0x8144c (size before relaxing)
 .debug_str     0x00091b8e      0xd4e src/ASF/thirdparty/fatfs/fatfs-r0.09/src/ff.o
                               0x3c68 (size before relaxing)
 .debug_str     0x000928dc       0x5a src/ASF/thirdparty/fatfs/fatfs-r0.09/src/option/ccsbcs.o
                               0x2bd5 (size before relaxing)
 .debug_str     0x00092936      0x229 src/example.o
                              0x86e44 (size before relaxing)

.debug_frame    0x00000000     0x1d14
 .debug_frame   0x00000000       0x30 src/ASF/sam0/boards/board_init.o
 .debug_frame   0x00000030       0xf8 src/SerialConsole/circular_buffer.o
 .debug_frame   0x00000128       0xd0 src/SerialConsole/SerialConsole.o
 .debug_frame   0x000001f8      0x1dc src/ASF/common2/components/memory/sd_mmc/sd_mmc.o
 .debug_frame   0x000003d4      0x1dc src/ASF/common2/components/memory/sd_mmc/sd_mmc_mem.o
 .debug_frame   0x000005b0      0x244 src/ASF/common2/components/memory/sd_mmc/sd_mmc_spi.o
 .debug_frame   0x000007f4       0x30 src/ASF/common2/services/delay/sam0/cycle_counter.o
 .debug_frame   0x00000824       0xf8 src/ASF/common/services/storage/ctrl_access/ctrl_access.o
 .debug_frame   0x0000091c       0x30 src/ASF/common/utils/interrupt/interrupt_sam_nvic.o
 .debug_frame   0x0000094c       0x44 src/ASF/sam0/drivers/port/port.o
 .debug_frame   0x00000990      0x130 src/ASF/sam0/drivers/rtc/rtc_sam_d_r_h/rtc_calendar.o
 .debug_frame   0x00000ac0       0xbc src/ASF/sam0/drivers/sercom/sercom.o
 .debug_frame   0x00000b7c       0xe8 src/ASF/sam0/drivers/sercom/sercom_interrupt.o
 .debug_frame   0x00000c64      0x120 src/ASF/sam0/drivers/sercom/spi/spi.o
 .debug_frame   0x00000d84       0xb0 src/ASF/sam0/drivers/sercom/spi/spi_interrupt.o
 .debug_frame   0x00000e34       0xac src/ASF/sam0/drivers/sercom/usart/usart.o
 .debug_frame   0x00000ee0      0x110 src/ASF/sam0/drivers/sercom/usart/usart_interrupt.o
 .debug_frame   0x00000ff0      0x150 src/ASF/sam0/drivers/system/clock/clock_samd21_r21_da_ha1/clock.o
 .debug_frame   0x00001140      0x148 src/ASF/sam0/drivers/system/clock/clock_samd21_r21_da_ha1/gclk.o
 .debug_frame   0x00001288       0x98 src/ASF/sam0/drivers/system/pinmux/pinmux.o
 .debug_frame   0x00001320       0x38 src/ASF/sam0/drivers/system/system.o
 .debug_frame   0x00001358       0x40 src/ASF/sam0/utils/cmsis/samd21/source/gcc/startup_samd21.o
 .debug_frame   0x00001398       0xa0 src/ASF/sam0/utils/syscalls/gcc/syscalls.o
 .debug_frame   0x00001438       0xb8 src/ASF/thirdparty/fatfs/fatfs-port-r0.09/diskio.o
 .debug_frame   0x000014f0       0x28 src/ASF/thirdparty/fatfs/fatfs-port-r0.09/sam0/fattime_rtc.o
 .debug_frame   0x00001518      0x5c8 src/ASF/thirdparty/fatfs/fatfs-r0.09/src/ff.o
 .debug_frame   0x00001ae0       0x30 src/ASF/thirdparty/fatfs/fatfs-r0.09/src/option/ccsbcs.o
 .debug_frame   0x00001b10       0x34 src/example.o
 .debug_frame   0x00001b44       0x20 c:/program files (x86)/atmel/studio/7.0/toolchain/arm/arm-gnu-toolchain/bin/../lib/gcc/arm-none-eabi/6.3.1/thumb/v6-m\libgcc.a(_udivsi3.o)
 .debug_frame   0x00001b64       0x20 c:/program files (x86)/atmel/studio/7.0/toolchain/arm/arm-gnu-toolchain/bin/../lib/gcc/arm-none-eabi/6.3.1/thumb/v6-m\libgcc.a(_divsi3.o)
 .debug_frame   0x00001b84       0x34 c:/program files (x86)/atmel/studio/7.0/toolchain/arm/arm-gnu-toolchain/bin/../lib/gcc/arm-none-eabi/6.3.1/thumb/v6-m\libgcc.a(_muldi3.o)
 .debug_frame   0x00001bb8       0x2c c:/program files (x86)/atmel/studio/7.0/toolchain/arm/arm-gnu-toolchain/bin/../lib/gcc/arm-none-eabi/6.3.1/../../../../arm-none-eabi/lib/thumb/v6-m\libc_nano.a(lib_a-init.o)
 .debug_frame   0x00001be4       0x40 c:/program files (x86)/atmel/studio/7.0/toolchain/arm/arm-gnu-toolchain/bin/../lib/gcc/arm-none-eabi/6.3.1/../../../../arm-none-eabi/lib/thumb/v6-m\libc_nano.a(lib_a-malloc.o)
 .debug_frame   0x00001c24       0x20 c:/program files (x86)/atmel/studio/7.0/toolchain/arm/arm-gnu-toolchain/bin/../lib/gcc/arm-none-eabi/6.3.1/../../../../arm-none-eabi/lib/thumb/v6-m\libc_nano.a(lib_a-memset.o)
 .debug_frame   0x00001c44       0x2c c:/program files (x86)/atmel/studio/7.0/toolchain/arm/arm-gnu-toolchain/bin/../lib/gcc/arm-none-eabi/6.3.1/../../../../arm-none-eabi/lib/thumb/v6-m\libc_nano.a(lib_a-nano-mallocr.o)
 .debug_frame   0x00001c70       0x2c c:/program files (x86)/atmel/studio/7.0/toolchain/arm/arm-gnu-toolchain/bin/../lib/gcc/arm-none-eabi/6.3.1/../../../../arm-none-eabi/lib/thumb/v6-m\libc_nano.a(lib_a-sbrkr.o)
 .debug_frame   0x00001c9c       0x30 c:/program files (x86)/atmel/studio/7.0/toolchain/arm/arm-gnu-toolchain/bin/../lib/gcc/arm-none-eabi/6.3.1/../../../../arm-none-eabi/lib/thumb/v6-m\libc_nano.a(lib_a-mlock.o)
 .debug_frame   0x00001ccc       0x48 c:/program files (x86)/atmel/studio/7.0/toolchain/arm/arm-gnu-toolchain/bin/../lib/gcc/arm-none-eabi/6.3.1/../../../../arm-none-eabi/lib/thumb/v6-m\libc_nano.a(lib_a-reent.o)